Archive member included to satisfy reference by file (symbol)

lib\GUI\libGUI.a(GUI_Paint.c.obj)
                              CMakeFiles/Drone.dir/waveshare_frame.c.obj (Paint_NewImage)
lib\Fonts\libFonts.a(font20.c.obj)
                              CMakeFiles/Drone.dir/waveshare_frame.c.obj (Font20)
c:/vsarm/armcc/112202~1.02/bin/../lib/gcc/arm-none-eabi/11.2.1/thumb/v6-m/nofp\libgcc.a(_dvmd_tls.o)
                              CMakeFiles/Drone.dir/C_/VSARM/sdk/pico/pico-sdk/src/rp2_common/pico_divider/divider.S.obj (__aeabi_idiv0)
c:/vsarm/armcc/112202~1.02/bin/../lib/gcc/arm-none-eabi/11.2.1/thumb/v6-m/nofp\libc.a(lib_a-calloc.o)
                              CMakeFiles/Drone.dir/C_/VSARM/sdk/pico/pico-sdk/src/rp2_common/pico_malloc/pico_malloc.c.obj (calloc)
c:/vsarm/armcc/112202~1.02/bin/../lib/gcc/arm-none-eabi/11.2.1/thumb/v6-m/nofp\libc.a(lib_a-callocr.o)
                              c:/vsarm/armcc/112202~1.02/bin/../lib/gcc/arm-none-eabi/11.2.1/thumb/v6-m/nofp\libc.a(lib_a-calloc.o) (_calloc_r)
c:/vsarm/armcc/112202~1.02/bin/../lib/gcc/arm-none-eabi/11.2.1/thumb/v6-m/nofp\libc.a(lib_a-errno.o)
                              c:/vsarm/armcc/112202~1.02/bin/../lib/gcc/arm-none-eabi/11.2.1/thumb/v6-m/nofp\libc.a(lib_a-callocr.o) (__errno)
c:/vsarm/armcc/112202~1.02/bin/../lib/gcc/arm-none-eabi/11.2.1/thumb/v6-m/nofp\libc.a(lib_a-impure.o)
                              c:/vsarm/armcc/112202~1.02/bin/../lib/gcc/arm-none-eabi/11.2.1/thumb/v6-m/nofp\libc.a(lib_a-calloc.o) (_impure_ptr)
c:/vsarm/armcc/112202~1.02/bin/../lib/gcc/arm-none-eabi/11.2.1/thumb/v6-m/nofp\libc.a(lib_a-init.o)
                              c:/vsarm/armcc/112202~1.02/bin/../lib/gcc/arm-none-eabi/11.2.1/thumb/v6-m/nofp/crt0.o (__libc_init_array)
c:/vsarm/armcc/112202~1.02/bin/../lib/gcc/arm-none-eabi/11.2.1/thumb/v6-m/nofp\libc.a(lib_a-malloc.o)
                              CMakeFiles/Drone.dir/C_/VSARM/sdk/pico/pico-sdk/src/rp2_common/pico_malloc/pico_malloc.c.obj (malloc)
c:/vsarm/armcc/112202~1.02/bin/../lib/gcc/arm-none-eabi/11.2.1/thumb/v6-m/nofp\libc.a(lib_a-mallocr.o)
                              c:/vsarm/armcc/112202~1.02/bin/../lib/gcc/arm-none-eabi/11.2.1/thumb/v6-m/nofp\libc.a(lib_a-callocr.o) (_malloc_r)
c:/vsarm/armcc/112202~1.02/bin/../lib/gcc/arm-none-eabi/11.2.1/thumb/v6-m/nofp\libc.a(lib_a-mlock.o)
                              c:/vsarm/armcc/112202~1.02/bin/../lib/gcc/arm-none-eabi/11.2.1/thumb/v6-m/nofp\libc.a(lib_a-mallocr.o) (__malloc_lock)
c:/vsarm/armcc/112202~1.02/bin/../lib/gcc/arm-none-eabi/11.2.1/thumb/v6-m/nofp\libc.a(lib_a-realloc.o)
                              CMakeFiles/Drone.dir/C_/VSARM/sdk/pico/pico-sdk/src/rp2_common/pico_malloc/pico_malloc.c.obj (realloc)
c:/vsarm/armcc/112202~1.02/bin/../lib/gcc/arm-none-eabi/11.2.1/thumb/v6-m/nofp\libc.a(lib_a-reallocr.o)
                              c:/vsarm/armcc/112202~1.02/bin/../lib/gcc/arm-none-eabi/11.2.1/thumb/v6-m/nofp\libc.a(lib_a-realloc.o) (_realloc_r)
c:/vsarm/armcc/112202~1.02/bin/../lib/gcc/arm-none-eabi/11.2.1/thumb/v6-m/nofp\libc.a(lib_a-sbrkr.o)
                              c:/vsarm/armcc/112202~1.02/bin/../lib/gcc/arm-none-eabi/11.2.1/thumb/v6-m/nofp\libc.a(lib_a-mallocr.o) (_sbrk_r)
c:/vsarm/armcc/112202~1.02/bin/../lib/gcc/arm-none-eabi/11.2.1/thumb/v6-m/nofp\libc.a(lib_a-strlen-stub.o)
                              CMakeFiles/Drone.dir/C_/VSARM/sdk/pico/pico-sdk/src/rp2_common/pico_stdio/stdio.c.obj (strlen)
c:/vsarm/armcc/112202~1.02/bin/../lib/gcc/arm-none-eabi/11.2.1/thumb/v6-m/nofp\libc.a(lib_a-freer.o)
                              c:/vsarm/armcc/112202~1.02/bin/../lib/gcc/arm-none-eabi/11.2.1/thumb/v6-m/nofp\libc.a(lib_a-malloc.o) (_free_r)
c:/vsarm/armcc/112202~1.02/bin/../lib/gcc/arm-none-eabi/11.2.1/thumb/v6-m/nofp\libc.a(lib_a-memmove.o)
                              c:/vsarm/armcc/112202~1.02/bin/../lib/gcc/arm-none-eabi/11.2.1/thumb/v6-m/nofp\libc.a(lib_a-reallocr.o) (memmove)
c:/vsarm/armcc/112202~1.02/bin/../lib/gcc/arm-none-eabi/11.2.1/thumb/v6-m/nofp\libc.a(lib_a-reent.o)
                              c:/vsarm/armcc/112202~1.02/bin/../lib/gcc/arm-none-eabi/11.2.1/thumb/v6-m/nofp\libc.a(lib_a-sbrkr.o) (errno)

Discarded input sections

 .text          0x00000000        0x0 c:/vsarm/armcc/112202~1.02/bin/../lib/gcc/arm-none-eabi/11.2.1/thumb/v6-m/nofp/crti.o
 .data          0x00000000        0x0 c:/vsarm/armcc/112202~1.02/bin/../lib/gcc/arm-none-eabi/11.2.1/thumb/v6-m/nofp/crti.o
 .bss           0x00000000        0x0 c:/vsarm/armcc/112202~1.02/bin/../lib/gcc/arm-none-eabi/11.2.1/thumb/v6-m/nofp/crti.o
 .text          0x00000000        0x0 c:/vsarm/armcc/112202~1.02/bin/../lib/gcc/arm-none-eabi/11.2.1/thumb/v6-m/nofp/crtbegin.o
 .data          0x00000000        0x0 c:/vsarm/armcc/112202~1.02/bin/../lib/gcc/arm-none-eabi/11.2.1/thumb/v6-m/nofp/crtbegin.o
 .bss           0x00000000        0x0 c:/vsarm/armcc/112202~1.02/bin/../lib/gcc/arm-none-eabi/11.2.1/thumb/v6-m/nofp/crtbegin.o
 .rodata.all_implied_fbits
[...]
Memory Configuration

Name             Origin             Length             Attributes
FLASH            0x10000000         0x00200000         xr
RAM              0x20000000         0x00040000         xrw
SCRATCH_X        0x20040000         0x00001000         xrw
SCRATCH_Y        0x20041000         0x00001000         xrw
*default*        0x00000000         0xffffffff

Linker script and memory map

LOAD c:/vsarm/armcc/112202~1.02/bin/../lib/gcc/arm-none-eabi/11.2.1/thumb/v6-m/nofp/crti.o
LOAD c:/vsarm/armcc/112202~1.02/bin/../lib/gcc/arm-none-eabi/11.2.1/thumb/v6-m/nofp/crtbegin.o
LOAD c:/vsarm/armcc/112202~1.02/bin/../lib/gcc/arm-none-eabi/11.2.1/thumb/v6-m/nofp/crt0.o

.flash_begin    0x10000000        0x0
                0x10000000                __flash_binary_start = .

.boot2          0x10000000      0x100
                0x10000000                __boot2_start__ = .
 *(.boot2)
 .boot2         0x10000000      0x100 C:\Users\mcser\AppData\Local\Temp\cce48LCM.o
                0x10000100                __boot2_end__ = .
                0x00000001                ASSERT (((__boot2_end__ - __boot2_start__) == 0x100), ERROR: Pico second stage bootloader must be 256 bytes in size)

.text           0x10000100     0x90d8
                0x10000100                __logical_binary_start = .
 *(.vectors)
 .vectors       0x10000100       0xd4 CMakeFiles/Drone.dir/C_/VSARM/sdk/pico/pico-sdk/src/rp2_common/pico_standard_link/crt0.S.obj
                0x10000100                __VECTOR_TABLE
                0x10000100                __vectors
                0x100001c0                isr_invalid
                0x100001c0                __default_isrs_start
                0x100001c2                isr_nmi
                0x100001c4                isr_hardfault
                0x100001c6                isr_svcall
                0x100001c8                isr_pendsv
                0x100001ca                isr_systick
                0x100001cc                isr_irq23
                0x100001cc                isr_irq18
                0x100001cc                isr_irq11
                0x100001cc                isr_irq28
                0x100001cc                isr_irq19
                0x100001cc                isr_irq0
                0x100001cc                isr_irq6
                0x100001cc                isr_irq5
                0x100001cc                isr_irq12
                0x100001cc                isr_irq22
                0x100001cc                isr_irq31
                0x100001cc                isr_irq17
                0x100001cc                isr_irq27
                0x100001cc                isr_irq30
                0x100001cc                isr_irq2
                0x100001cc                isr_irq10
                0x100001cc                isr_irq8
                0x100001cc                isr_irq24
                0x100001cc                isr_irq1
                0x100001cc                isr_irq7
                0x100001cc                isr_irq21
                0x100001cc                isr_irq20
                0x100001cc                isr_irq15
                0x100001cc                isr_irq25
                0x100001cc                isr_irq13
                0x100001cc                __unhandled_user_irq
                0x100001cc                isr_irq4
                0x100001cc                isr_irq16
                0x100001cc                isr_irq29
                0x100001cc                isr_irq26
                0x100001cc                __default_isrs_end
                0x100001cc                isr_irq3
                0x100001cc                isr_irq14
                0x100001cc                isr_irq9
                0x100001d2                unhandled_user_irq_num_in_r0
 *(.binary_info_header)
 .binary_info_header
                0x100001d4       0x14 CMakeFiles/Drone.dir/C_/VSARM/sdk/pico/pico-sdk/src/rp2_common/pico_standard_link/crt0.S.obj
                0x100001e8                __binary_info_header_end = .
 *(.reset)
 .reset         0x100001e8       0xa8 CMakeFiles/Drone.dir/C_/VSARM/sdk/pico/pico-sdk/src/rp2_common/pico_standard_link/crt0.S.obj
                0x100001e8                _entry_point
                0x10000266                __get_current_exception
 .reset         0x10000290       0x30 CMakeFiles/Drone.dir/C_/VSARM/sdk/pico/pico-sdk/src/rp2_common/pico_standard_link/binary_info.c.obj
 *(.init)
 .init          0x100002c0        0x4 c:/vsarm/armcc/112202~1.02/bin/../lib/gcc/arm-none-eabi/11.2.1/thumb/v6-m/nofp/crti.o
                0x100002c0                _init
 *(EXCLUDE_FILE(*libm.a: *libc.a:*lib_a-mem*.o *libgcc.a:) .text*)
 .text.register_tm_clones
                0x100002c4       0x28 c:/vsarm/armcc/112202~1.02/bin/../lib/gcc/arm-none-eabi/11.2.1/thumb/v6-m/nofp/crtbegin.o
 .text.frame_dummy
                0x100002ec       0x24 c:/vsarm/armcc/112202~1.02/bin/../lib/gcc/arm-none-eabi/11.2.1/thumb/v6-m/nofp/crtbegin.o
 .text.img_put.constprop.0
                0x10000310       0xb0 CMakeFiles/Drone.dir/frame_test.c.obj
 .text.rasterize
                0x100003c0       0xfc CMakeFiles/Drone.dir/frame_test.c.obj
                0x100003c0                rasterize
 .text.drawTri  0x100004bc      0x160 CMakeFiles/Drone.dir/frame_test.c.obj
                0x100004bc                drawTri
 .text.cullTris
                0x1000061c      0x1dc CMakeFiles/Drone.dir/frame_test.c.obj
                0x1000061c                cullTris
 .text.drawTris
                0x100007f8      0x134 CMakeFiles/Drone.dir/frame_test.c.obj
                0x100007f8                drawTris
 .text.startup.main
                0x1000092c      0x528 CMakeFiles/Drone.dir/frame_test.c.obj
                0x1000092c                main
 .text.img_init
                0x10000e54       0x34 CMakeFiles/Drone.dir/waveshare_frame.c.obj
                0x10000e54                img_init
 .text.img_text
                0x10000e88       0x38 CMakeFiles/Drone.dir/waveshare_frame.c.obj
                0x10000e88                img_text
 .text.reset_y  0x10000ec0        0xc CMakeFiles/Drone.dir/waveshare_frame.c.obj
                0x10000ec0                reset_y
 .text.getCals  0x10000ecc       0xcc CMakeFiles/Drone.dir/barometer.c.obj
                0x10000ecc                getCals
 .text.read_temp
                0x10000f98      0x200 CMakeFiles/Drone.dir/barometer.c.obj
                0x10000f98                read_temp
 .text.read_pres
                0x10001198      0x2ac CMakeFiles/Drone.dir/barometer.c.obj
                0x10001198                read_pres
 .text.barometer_init
                0x10001444       0xb4 CMakeFiles/Drone.dir/barometer.c.obj
                0x10001444                barometer_init
 .text.run_motors
                0x100014f8       0xa8 CMakeFiles/Drone.dir/run_motors.c.obj
                0x100014f8                run_motors
 .text.gpio_set_function
                0x100015a0       0x30 CMakeFiles/Drone.dir/C_/VSARM/sdk/pico/pico-sdk/src/rp2_common/hardware_gpio/gpio.c.obj
                0x100015a0                gpio_set_function
 .text.gpio_init
                0x100015d0       0x3c CMakeFiles/Drone.dir/C_/VSARM/sdk/pico/pico-sdk/src/rp2_common/hardware_gpio/gpio.c.obj
                0x100015d0                gpio_init
 .text.hw_claim_or_assert
                0x1000160c       0x44 CMakeFiles/Drone.dir/C_/VSARM/sdk/pico/pico-sdk/src/rp2_common/hardware_claim/claim.c.obj
                0x1000160c                hw_claim_or_assert
 .text.hw_claim_unused_from_range
                0x10001650       0x9c CMakeFiles/Drone.dir/C_/VSARM/sdk/pico/pico-sdk/src/rp2_common/hardware_claim/claim.c.obj
                0x10001650                hw_claim_unused_from_range
 .text.running_on_fpga
                0x100016ec       0x10 CMakeFiles/Drone.dir/C_/VSARM/sdk/pico/pico-sdk/src/rp2_common/pico_platform/platform.c.obj
                0x100016ec                running_on_fpga
 .text.spin_locks_reset
                0x100016fc       0x1c CMakeFiles/Drone.dir/C_/VSARM/sdk/pico/pico-sdk/src/rp2_common/hardware_sync/sync.c.obj
                0x100016fc                spin_locks_reset
 .text.next_striped_spin_lock_num
                0x10001718       0x18 CMakeFiles/Drone.dir/C_/VSARM/sdk/pico/pico-sdk/src/rp2_common/hardware_sync/sync.c.obj
                0x10001718                next_striped_spin_lock_num
 .text.spin_lock_claim_unused
                0x10001730       0x24 CMakeFiles/Drone.dir/C_/VSARM/sdk/pico/pico-sdk/src/rp2_common/hardware_sync/sync.c.obj
                0x10001730                spin_lock_claim_unused
 .text.irq_set_enabled
                0x10001754       0x24 CMakeFiles/Drone.dir/C_/VSARM/sdk/pico/pico-sdk/src/rp2_common/hardware_irq/irq.c.obj
                0x10001754                irq_set_enabled
 .text.irq_set_pending
                0x10001778       0x10 CMakeFiles/Drone.dir/C_/VSARM/sdk/pico/pico-sdk/src/rp2_common/hardware_irq/irq.c.obj
                0x10001778                irq_set_pending
 .text.irq_has_shared_handler
                0x10001788       0x2c CMakeFiles/Drone.dir/C_/VSARM/sdk/pico/pico-sdk/src/rp2_common/hardware_irq/irq.c.obj
                0x10001788                irq_has_shared_handler
 .text.irq_get_vtable_handler
                0x100017b4       0x10 CMakeFiles/Drone.dir/C_/VSARM/sdk/pico/pico-sdk/src/rp2_common/hardware_irq/irq.c.obj
                0x100017b4                irq_get_vtable_handler
 .text.irq_set_exclusive_handler
                0x100017c4       0x54 CMakeFiles/Drone.dir/C_/VSARM/sdk/pico/pico-sdk/src/rp2_common/hardware_irq/irq.c.obj
                0x100017c4                irq_set_exclusive_handler
 .text.irq_add_shared_handler
                0x10001818      0x1e0 CMakeFiles/Drone.dir/C_/VSARM/sdk/pico/pico-sdk/src/rp2_common/hardware_irq/irq.c.obj
                0x10001818                irq_add_shared_handler
 .text.irq_remove_handler
                0x100019f8      0x1b4 CMakeFiles/Drone.dir/C_/VSARM/sdk/pico/pico-sdk/src/rp2_common/hardware_irq/irq.c.obj
                0x100019f8                irq_remove_handler
 .text.irq_add_tail_to_free_list
                0x10001bac       0xb4 CMakeFiles/Drone.dir/C_/VSARM/sdk/pico/pico-sdk/src/rp2_common/hardware_irq/irq.c.obj
                0x10001bac                irq_add_tail_to_free_list
 .text.irq_init_priorities
                0x10001c60       0x24 CMakeFiles/Drone.dir/C_/VSARM/sdk/pico/pico-sdk/src/rp2_common/hardware_irq/irq.c.obj
                0x10001c60                irq_init_priorities
 .text.user_irq_claim_unused
                0x10001c84       0x30 CMakeFiles/Drone.dir/C_/VSARM/sdk/pico/pico-sdk/src/rp2_common/hardware_irq/irq.c.obj
                0x10001c84                user_irq_claim_unused
 .text.lock_init
                0x10001cb4       0x10 CMakeFiles/Drone.dir/C_/VSARM/sdk/pico/pico-sdk/src/common/pico_sync/lock_core.c.obj
                0x10001cb4                lock_init
 .text.timer_pool_entry_comparator
                0x10001cc4       0x34 CMakeFiles/Drone.dir/C_/VSARM/sdk/pico/pico-sdk/src/common/pico_time/time.c.obj
                0x10001cc4                timer_pool_entry_comparator
 .text.sleep_until_callback
                0x10001cf8       0x30 CMakeFiles/Drone.dir/C_/VSARM/sdk/pico/pico-sdk/src/common/pico_time/time.c.obj
 .text.add_alarm_under_lock.isra.0
                0x10001d28      0x104 CMakeFiles/Drone.dir/C_/VSARM/sdk/pico/pico-sdk/src/common/pico_time/time.c.obj
 .text.alarm_pool_alarm_callback
                0x10001e2c      0x1c8 CMakeFiles/Drone.dir/C_/VSARM/sdk/pico/pico-sdk/src/common/pico_time/time.c.obj
 .text.alarm_pool_add_alarm_at.constprop.0
                0x10001ff4      0x11c CMakeFiles/Drone.dir/C_/VSARM/sdk/pico/pico-sdk/src/common/pico_time/time.c.obj
 .text.alarm_pool_init_default
                0x10002110       0x64 CMakeFiles/Drone.dir/C_/VSARM/sdk/pico/pico-sdk/src/common/pico_time/time.c.obj
                0x10002110                alarm_pool_init_default
 .text.alarm_pool_get_default
                0x10002174        0x8 CMakeFiles/Drone.dir/C_/VSARM/sdk/pico/pico-sdk/src/common/pico_time/time.c.obj
                0x10002174                alarm_pool_get_default
 .text.alarm_pool_add_alarm_at
                0x1000217c      0x1a0 CMakeFiles/Drone.dir/C_/VSARM/sdk/pico/pico-sdk/src/common/pico_time/time.c.obj
                0x1000217c                alarm_pool_add_alarm_at
 .text.sleep_until
                0x1000231c       0xac CMakeFiles/Drone.dir/C_/VSARM/sdk/pico/pico-sdk/src/common/pico_time/time.c.obj
                0x1000231c                sleep_until
 .text.sleep_us
                0x100023c8       0x30 CMakeFiles/Drone.dir/C_/VSARM/sdk/pico/pico-sdk/src/common/pico_time/time.c.obj
                0x100023c8                sleep_us
 .text.sleep_ms
                0x100023f8       0x38 CMakeFiles/Drone.dir/C_/VSARM/sdk/pico/pico-sdk/src/common/pico_time/time.c.obj
                0x100023f8                sleep_ms
 .text.best_effort_wfe_or_timeout
                0x10002430       0xc0 CMakeFiles/Drone.dir/C_/VSARM/sdk/pico/pico-sdk/src/common/pico_time/time.c.obj
                0x10002430                best_effort_wfe_or_timeout
 .text.hardware_alarm_irq_handler
                0x100024f0       0xb8 CMakeFiles/Drone.dir/C_/VSARM/sdk/pico/pico-sdk/src/rp2_common/hardware_timer/timer.c.obj
 .text.hardware_alarm_claim
                0x100025a8       0x18 CMakeFiles/Drone.dir/C_/VSARM/sdk/pico/pico-sdk/src/rp2_common/hardware_timer/timer.c.obj
                0x100025a8                hardware_alarm_claim
 .text.time_us_64
                0x100025c0       0x14 CMakeFiles/Drone.dir/C_/VSARM/sdk/pico/pico-sdk/src/rp2_common/hardware_timer/timer.c.obj
                0x100025c0                time_us_64
 .text.busy_wait_until
                0x100025d4       0x20 CMakeFiles/Drone.dir/C_/VSARM/sdk/pico/pico-sdk/src/rp2_common/hardware_timer/timer.c.obj
                0x100025d4                busy_wait_until
 .text.hardware_alarm_set_callback
                0x100025f4       0x8c CMakeFiles/Drone.dir/C_/VSARM/sdk/pico/pico-sdk/src/rp2_common/hardware_timer/timer.c.obj
                0x100025f4                hardware_alarm_set_callback
 .text.hardware_alarm_set_target
                0x10002680       0xe0 CMakeFiles/Drone.dir/C_/VSARM/sdk/pico/pico-sdk/src/rp2_common/hardware_timer/timer.c.obj
                0x10002680                hardware_alarm_set_target
 .text.hardware_alarm_cancel
                0x10002760       0x3c CMakeFiles/Drone.dir/C_/VSARM/sdk/pico/pico-sdk/src/rp2_common/hardware_timer/timer.c.obj
                0x10002760                hardware_alarm_cancel
 .text.ph_merge_nodes
                0x1000279c       0x68 CMakeFiles/Drone.dir/C_/VSARM/sdk/pico/pico-sdk/src/common/pico_util/pheap.c.obj
 .text.ph_post_alloc_init
                0x10002804       0x3c CMakeFiles/Drone.dir/C_/VSARM/sdk/pico/pico-sdk/src/common/pico_util/pheap.c.obj
                0x10002804                ph_post_alloc_init
 .text.ph_merge_two_pass
                0x10002840       0x9c CMakeFiles/Drone.dir/C_/VSARM/sdk/pico/pico-sdk/src/common/pico_util/pheap.c.obj
                0x10002840                ph_merge_two_pass
 .text.ph_remove_any_head
                0x100028dc       0xf8 CMakeFiles/Drone.dir/C_/VSARM/sdk/pico/pico-sdk/src/common/pico_util/pheap.c.obj
 .text.ph_remove_head
                0x100029d4       0xfc CMakeFiles/Drone.dir/C_/VSARM/sdk/pico/pico-sdk/src/common/pico_util/pheap.c.obj
                0x100029d4                ph_remove_head
 .text.ph_remove_and_free_node
                0x10002ad0       0x7c CMakeFiles/Drone.dir/C_/VSARM/sdk/pico/pico-sdk/src/common/pico_util/pheap.c.obj
                0x10002ad0                ph_remove_and_free_node
 .text.mutex_init
                0x10002b4c       0x1c CMakeFiles/Drone.dir/C_/VSARM/sdk/pico/pico-sdk/src/common/pico_sync/mutex.c.obj
                0x10002b4c                mutex_init
 .text.recursive_mutex_init
                0x10002b68       0x1c CMakeFiles/Drone.dir/C_/VSARM/sdk/pico/pico-sdk/src/common/pico_sync/mutex.c.obj
                0x10002b68                recursive_mutex_init
 .text.critical_section_init
                0x10002b84       0x20 CMakeFiles/Drone.dir/C_/VSARM/sdk/pico/pico-sdk/src/common/pico_sync/critical_section.c.obj
                0x10002b84                critical_section_init
 .text.runtime_init
                0x10002ba4       0xf0 CMakeFiles/Drone.dir/C_/VSARM/sdk/pico/pico-sdk/src/rp2_common/pico_runtime/runtime.c.obj
                0x10002ba4                runtime_init
 .text._sbrk    0x10002c94       0x34 CMakeFiles/Drone.dir/C_/VSARM/sdk/pico/pico-sdk/src/rp2_common/pico_runtime/runtime.c.obj
                0x10002c94                _sbrk
 .text.exit     0x10002cc8        0x4 CMakeFiles/Drone.dir/C_/VSARM/sdk/pico/pico-sdk/src/rp2_common/pico_runtime/runtime.c.obj
                0x10002cc8                exit
 .text.panic    0x10002ccc       0x30 CMakeFiles/Drone.dir/C_/VSARM/sdk/pico/pico-sdk/src/rp2_common/pico_runtime/runtime.c.obj
                0x10002ccc                panic
 .text.hard_assertion_failure
                0x10002cfc        0xc CMakeFiles/Drone.dir/C_/VSARM/sdk/pico/pico-sdk/src/rp2_common/pico_runtime/runtime.c.obj
                0x10002cfc                hard_assertion_failure
 .text.clocks_init
                0x10002d08      0x2b0 CMakeFiles/Drone.dir/C_/VSARM/sdk/pico/pico-sdk/src/rp2_common/hardware_clocks/clocks.c.obj
                0x10002d08                clocks_init
 .text.clock_get_hz
                0x10002fb8        0xc CMakeFiles/Drone.dir/C_/VSARM/sdk/pico/pico-sdk/src/rp2_common/hardware_clocks/clocks.c.obj
                0x10002fb8                clock_get_hz
 .text.pll_init
                0x10002fc4       0xa8 CMakeFiles/Drone.dir/C_/VSARM/sdk/pico/pico-sdk/src/rp2_common/hardware_pll/pll.c.obj
                0x10002fc4                pll_init
 .text.watchdog_start_tick
                0x1000306c       0x10 CMakeFiles/Drone.dir/C_/VSARM/sdk/pico/pico-sdk/src/rp2_common/hardware_watchdog/watchdog.c.obj
                0x1000306c                watchdog_start_tick
 .text.watchdog_reboot
                0x1000307c       0x9c CMakeFiles/Drone.dir/C_/VSARM/sdk/pico/pico-sdk/src/rp2_common/hardware_watchdog/watchdog.c.obj
                0x1000307c                watchdog_reboot
 .text.xosc_init
                0x10003118       0x28 CMakeFiles/Drone.dir/C_/VSARM/sdk/pico/pico-sdk/src/rp2_common/hardware_xosc/xosc.c.obj
                0x10003118                xosc_init
 .text._out_buffer
                0x10003140        0x8 CMakeFiles/Drone.dir/C_/VSARM/sdk/pico/pico-sdk/src/rp2_common/pico_printf/printf.c.obj
 .text._out_null
                0x10003148        0x4 CMakeFiles/Drone.dir/C_/VSARM/sdk/pico/pico-sdk/src/rp2_common/pico_printf/printf.c.obj
 .text._out_rev
                0x1000314c       0x90 CMakeFiles/Drone.dir/C_/VSARM/sdk/pico/pico-sdk/src/rp2_common/pico_printf/printf.c.obj
 .text._ntoa_format
                0x100031dc      0x1cc CMakeFiles/Drone.dir/C_/VSARM/sdk/pico/pico-sdk/src/rp2_common/pico_printf/printf.c.obj
 .text._out_char
                0x100033a8       0x10 CMakeFiles/Drone.dir/C_/VSARM/sdk/pico/pico-sdk/src/rp2_common/pico_printf/printf.c.obj
 .text._out_fct
                0x100033b8       0x10 CMakeFiles/Drone.dir/C_/VSARM/sdk/pico/pico-sdk/src/rp2_common/pico_printf/printf.c.obj
 .text._etoa    0x100033c8      0x44c CMakeFiles/Drone.dir/C_/VSARM/sdk/pico/pico-sdk/src/rp2_common/pico_printf/printf.c.obj
 .text._ftoa    0x10003814      0x3d0 CMakeFiles/Drone.dir/C_/VSARM/sdk/pico/pico-sdk/src/rp2_common/pico_printf/printf.c.obj
 .text._vsnprintf
                0x10003be4      0xabc CMakeFiles/Drone.dir/C_/VSARM/sdk/pico/pico-sdk/src/rp2_common/pico_printf/printf.c.obj
 .text.__wrap_sprintf
                0x100046a0       0x2c CMakeFiles/Drone.dir/C_/VSARM/sdk/pico/pico-sdk/src/rp2_common/pico_printf/printf.c.obj
                0x100046a0                __wrap_sprintf
 .text.vfctprintf
                0x100046cc       0x20 CMakeFiles/Drone.dir/C_/VSARM/sdk/pico/pico-sdk/src/rp2_common/pico_printf/printf.c.obj
                0x100046cc                vfctprintf
 .text.weak_raw_vprintf
                0x100046ec       0x30 CMakeFiles/Drone.dir/C_/VSARM/sdk/pico/pico-sdk/src/rp2_common/pico_printf/printf.c.obj
                0x100046ec                weak_raw_vprintf
 .text          0x1000471c       0x10 CMakeFiles/Drone.dir/C_/VSARM/sdk/pico/pico-sdk/src/rp2_common/pico_bit_ops/bit_ops_aeabi.S.obj
 .text.rom_func_lookup
                0x1000472c       0x10 CMakeFiles/Drone.dir/C_/VSARM/sdk/pico/pico-sdk/src/rp2_common/pico_bootrom/bootrom.c.obj
                0x1000472c                rom_func_lookup
 .text.rom_data_lookup
                0x1000473c       0x10 CMakeFiles/Drone.dir/C_/VSARM/sdk/pico/pico-sdk/src/rp2_common/pico_bootrom/bootrom.c.obj
                0x1000473c                rom_data_lookup
 .text.rom_funcs_lookup
                0x1000474c       0x44 CMakeFiles/Drone.dir/C_/VSARM/sdk/pico/pico-sdk/src/rp2_common/pico_bootrom/bootrom.c.obj
                0x1000474c                rom_funcs_lookup
 .text.__wrap___aeabi_idiv
                0x10004790       0x50 CMakeFiles/Drone.dir/C_/VSARM/sdk/pico/pico-sdk/src/rp2_common/pico_divider/divider.S.obj
                0x10004790                __wrap___aeabi_idivmod
                0x10004790                divmod_s32s32
                0x10004790                div_s32s32
                0x10004790                __wrap___aeabi_idiv
                0x10004798                divmod_s32s32_unsafe
                0x100047c4                divmod_s32s32_savestate
 .text.__wrap___aeabi_uidiv
                0x100047e0       0x4c CMakeFiles/Drone.dir/C_/VSARM/sdk/pico/pico-sdk/src/rp2_common/pico_divider/divider.S.obj
                0x100047e0                __wrap___aeabi_uidiv
                0x100047e0                __wrap___aeabi_uidivmod
                0x100047e0                div_u32u32
                0x100047e0                divmod_u32u32
                0x100047e8                divmod_u32u32_unsafe
                0x10004810                divmod_u32u32_savestate
 .text.__wrap___aeabi_ldiv
                0x1000482c      0x434 CMakeFiles/Drone.dir/C_/VSARM/sdk/pico/pico-sdk/src/rp2_common/pico_divider/divider.S.obj
                0x1000482c                div_s64s64
                0x1000482c                divmod_s64s64
                0x1000482c                __wrap___aeabi_ldivmod
                0x10004864                divmod_u64u64
                0x10004864                div_u64u64
                0x10004864                __wrap___aeabi_uldivmod
                0x10004874                divmod_u64u64_savestate
                0x1000489c                divmod_s64s64_unsafe
                0x10004924                divmod_u64u64_unsafe
 .text.__wrap___aeabi_darithmetic
                0x10004c60       0x80 CMakeFiles/Drone.dir/C_/VSARM/sdk/pico/pico-sdk/src/rp2_common/pico_double/double_aeabi.S.obj
                0x10004c60                __wrap___aeabi_drsub
                0x10004c66                __wrap___aeabi_dsub
                0x10004c78                __wrap___aeabi_dadd
                0x10004c8a                __wrap___aeabi_ddiv
                0x10004cc6                __wrap___aeabi_dmul
 .text.__wrap___aeabi_cdcmple
                0x10004ce0       0x6c CMakeFiles/Drone.dir/C_/VSARM/sdk/pico/pico-sdk/src/rp2_common/pico_double/double_aeabi.S.obj
                0x10004ce0                __wrap___aeabi_cdrcmple
                0x10004cf0                __wrap___aeabi_cdcmpeq
                0x10004cf0                __wrap___aeabi_cdcmple
 .text.__wrap___aeabi_dcmplt
                0x10004d4c        0xc CMakeFiles/Drone.dir/C_/VSARM/sdk/pico/pico-sdk/src/rp2_common/pico_double/double_aeabi.S.obj
                0x10004d4c                __wrap___aeabi_dcmplt
 .text.__wrap___aeabi_dcmple
                0x10004d58       0x10 CMakeFiles/Drone.dir/C_/VSARM/sdk/pico/pico-sdk/src/rp2_common/pico_double/double_aeabi.S.obj
                0x10004d58                __wrap___aeabi_dcmple
 .text.__wrap___aeabi_dcmpge
                0x10004d68       0x10 CMakeFiles/Drone.dir/C_/VSARM/sdk/pico/pico-sdk/src/rp2_common/pico_double/double_aeabi.S.obj
                0x10004d68                __wrap___aeabi_dcmpge
 .text.__wrap___aeabi_dcmpgt
                0x10004d78        0xa CMakeFiles/Drone.dir/C_/VSARM/sdk/pico/pico-sdk/src/rp2_common/pico_double/double_aeabi.S.obj
                0x10004d78                __wrap___aeabi_dcmpgt
 .text.__wrap___aeabi_dcmpun
                0x10004d82       0x1c CMakeFiles/Drone.dir/C_/VSARM/sdk/pico/pico-sdk/src/rp2_common/pico_double/double_aeabi.S.obj
                0x10004d82                __wrap___aeabi_dcmpun
 *fill*         0x10004d9e        0x2 
 .text.__wrap___aeabi_i2d
                0x10004da0       0x38 CMakeFiles/Drone.dir/C_/VSARM/sdk/pico/pico-sdk/src/rp2_common/pico_double/double_aeabi.S.obj
                0x10004da0                __wrap___aeabi_ui2d
                0x10004da8                __wrap___aeabi_i2d
 .text.__wrap___aeabi_d2iz
                0x10004dd8       0x48 CMakeFiles/Drone.dir/C_/VSARM/sdk/pico/pico-sdk/src/rp2_common/pico_double/double_aeabi.S.obj
                0x10004dd8                double2int_z
                0x10004dd8                __wrap___aeabi_d2iz
 .text.__wrap___aeabi_d2uiz
                0x10004e20       0x18 CMakeFiles/Drone.dir/C_/VSARM/sdk/pico/pico-sdk/src/rp2_common/pico_double/double_aeabi.S.obj
                0x10004e20                __wrap___aeabi_d2uiz
                0x10004e20                double2uint
 .text.__wrap___aeabi_d2f
                0x10004e38       0x18 CMakeFiles/Drone.dir/C_/VSARM/sdk/pico/pico-sdk/src/rp2_common/pico_double/double_aeabi.S.obj
                0x10004e38                __wrap___aeabi_d2f
 .text.__aeabi_double_init
                0x10004e50       0x94 CMakeFiles/Drone.dir/C_/VSARM/sdk/pico/pico-sdk/src/rp2_common/pico_double/double_init_rom.c.obj
                0x10004e50                __aeabi_double_init
 .text.double_table_shim_on_use_helper
                0x10004ee4       0x2c CMakeFiles/Drone.dir/C_/VSARM/sdk/pico/pico-sdk/src/rp2_common/pico_double/double_v1_rom_shim.S.obj
                0x10004ee4                double_table_shim_on_use_helper
 .text.__wrap___aeabi_dsub
                0x10004f10       0x10 CMakeFiles/Drone.dir/C_/VSARM/sdk/pico/pico-sdk/src/rp2_common/pico_double/double_v1_rom_shim.S.obj
                0x10004f10                drsub_shim
                0x10004f16                dsub_shim
 .text.dadd_shim
                0x10004f20      0x15c CMakeFiles/Drone.dir/C_/VSARM/sdk/pico/pico-sdk/src/rp2_common/pico_double/double_v1_rom_shim.S.obj
                0x10004f20                dadd_shim
 .text.dmul_shim
                0x1000507c      0x15c CMakeFiles/Drone.dir/C_/VSARM/sdk/pico/pico-sdk/src/rp2_common/pico_double/double_v1_rom_shim.S.obj
                0x1000507c                dmul_shim
 .text.ddiv_shim
                0x100051d8      0x1b0 CMakeFiles/Drone.dir/C_/VSARM/sdk/pico/pico-sdk/src/rp2_common/pico_double/double_v1_rom_shim.S.obj
                0x100051d8                ddiv_shim
 .text.double2uint_shim
                0x10005388        0xe CMakeFiles/Drone.dir/C_/VSARM/sdk/pico/pico-sdk/src/rp2_common/pico_double/double_v1_rom_shim.S.obj
                0x10005388                double2uint_shim
                0x1000538a                double2ufix_shim
 *fill*         0x10005396        0x2 
 .text.double2uint64_shim
                0x10005398       0x70 CMakeFiles/Drone.dir/C_/VSARM/sdk/pico/pico-sdk/src/rp2_common/pico_double/double_v1_rom_shim.S.obj
                0x10005398                double2uint64_shim
                0x1000539a                double2ufix64_shim
                0x100053ba                d2fix_a
 .text.double2float_shim
                0x10005408       0x5c CMakeFiles/Drone.dir/C_/VSARM/sdk/pico/pico-sdk/src/rp2_common/pico_double/double_v1_rom_shim.S.obj
                0x10005408                double2float_shim
 .text.dunpacks
                0x10005464       0x3c CMakeFiles/Drone.dir/C_/VSARM/sdk/pico/pico-sdk/src/rp2_common/pico_double/double_v1_rom_shim.S.obj
                0x10005464                dunpacks
 .text.__aeabi_lmul
                0x100054a0       0x32 CMakeFiles/Drone.dir/C_/VSARM/sdk/pico/pico-sdk/src/rp2_common/pico_int64_ops/pico_int64_ops_aeabi.S.obj
                0x100054a0                __wrap___aeabi_lmul
 *fill*         0x100054d2        0x2 
 .text.__wrap___aeabi_farithmetic
                0x100054d4       0x48 CMakeFiles/Drone.dir/C_/VSARM/sdk/pico/pico-sdk/src/rp2_common/pico_float/float_aeabi.S.obj
                0x100054d4                __wrap___aeabi_frsub
                0x100054da                __wrap___aeabi_fsub
                0x100054e0                __wrap___aeabi_fadd
                0x100054e6                __wrap___aeabi_fdiv
                0x1000550e                __wrap___aeabi_fmul
 .text.__wrap___aeabi_i2f
                0x1000551c       0x44 CMakeFiles/Drone.dir/C_/VSARM/sdk/pico/pico-sdk/src/rp2_common/pico_float/float_aeabi.S.obj
                0x1000551c                __wrap___aeabi_i2f
 .text.__wrap___aeabi_f2d
                0x10005560       0x14 CMakeFiles/Drone.dir/C_/VSARM/sdk/pico/pico-sdk/src/rp2_common/pico_float/float_aeabi.S.obj
                0x10005560                __wrap___aeabi_f2d
 .text.__aeabi_float_init
                0x10005574       0x64 CMakeFiles/Drone.dir/C_/VSARM/sdk/pico/pico-sdk/src/rp2_common/pico_float/float_init_rom.c.obj
                0x10005574                __aeabi_float_init
 .text.float_table_shim_on_use_helper
                0x100055d8       0x2c CMakeFiles/Drone.dir/C_/VSARM/sdk/pico/pico-sdk/src/rp2_common/pico_float/float_v1_rom_shim.S.obj
                0x100055d8                float_table_shim_on_use_helper
 .text.float2double_shim
                0x10005604       0x30 CMakeFiles/Drone.dir/C_/VSARM/sdk/pico/pico-sdk/src/rp2_common/pico_float/float_v1_rom_shim.S.obj
                0x10005604                float2double_shim
 .text.__wrap_malloc
                0x10005634       0x24 CMakeFiles/Drone.dir/C_/VSARM/sdk/pico/pico-sdk/src/rp2_common/pico_malloc/pico_malloc.c.obj
                0x10005634                __wrap_malloc
 .text.__wrap_free
                0x10005658        0x8 CMakeFiles/Drone.dir/C_/VSARM/sdk/pico/pico-sdk/src/rp2_common/pico_malloc/pico_malloc.c.obj
                0x10005658                __wrap_free
 .text          0x10005660       0x10 CMakeFiles/Drone.dir/C_/VSARM/sdk/pico/pico-sdk/src/rp2_common/pico_mem_ops/mem_ops_aeabi.S.obj
                0x10005660                __aeabi_mem_init
 .text.memset   0x10005670        0xc CMakeFiles/Drone.dir/C_/VSARM/sdk/pico/pico-sdk/src/rp2_common/pico_mem_ops/mem_ops_aeabi.S.obj
                0x10005670                __wrap_memset
 .text.memcpy   0x1000567c        0xc CMakeFiles/Drone.dir/C_/VSARM/sdk/pico/pico-sdk/src/rp2_common/pico_mem_ops/mem_ops_aeabi.S.obj
                0x1000567c                __wrap_memcpy
                0x1000567c                __wrap___aeabi_memcpy
 .text.stdio_out_chars_no_crlf
                0x10005688       0x10 CMakeFiles/Drone.dir/C_/VSARM/sdk/pico/pico-sdk/src/rp2_common/pico_stdio/stdio.c.obj
 .text.stdio_out_chars_crlf
                0x10005698       0xb4 CMakeFiles/Drone.dir/C_/VSARM/sdk/pico/pico-sdk/src/rp2_common/pico_stdio/stdio.c.obj
 .text.stdio_buffered_printer
                0x1000574c       0x64 CMakeFiles/Drone.dir/C_/VSARM/sdk/pico/pico-sdk/src/rp2_common/pico_stdio/stdio.c.obj
 .text.stdio_put_string.isra.0
                0x100057b0       0xfc CMakeFiles/Drone.dir/C_/VSARM/sdk/pico/pico-sdk/src/rp2_common/pico_stdio/stdio.c.obj
 .text.__wrap_putchar
                0x100058ac       0xa0 CMakeFiles/Drone.dir/C_/VSARM/sdk/pico/pico-sdk/src/rp2_common/pico_stdio/stdio.c.obj
                0x100058ac                __wrap_putchar
 .text.__wrap_puts
                0x1000594c       0x3c CMakeFiles/Drone.dir/C_/VSARM/sdk/pico/pico-sdk/src/rp2_common/pico_stdio/stdio.c.obj
                0x1000594c                __wrap_puts
 .text.putchar_raw
                0x10005988       0xa0 CMakeFiles/Drone.dir/C_/VSARM/sdk/pico/pico-sdk/src/rp2_common/pico_stdio/stdio.c.obj
                0x10005988                putchar_raw
 .text.puts_raw
                0x10005a28       0x3c CMakeFiles/Drone.dir/C_/VSARM/sdk/pico/pico-sdk/src/rp2_common/pico_stdio/stdio.c.obj
                0x10005a28                puts_raw
 .text.stdio_set_driver_enabled
                0x10005a64       0x30 CMakeFiles/Drone.dir/C_/VSARM/sdk/pico/pico-sdk/src/rp2_common/pico_stdio/stdio.c.obj
                0x10005a64                stdio_set_driver_enabled
 .text.__wrap_vprintf
                0x10005a94       0xd4 CMakeFiles/Drone.dir/C_/VSARM/sdk/pico/pico-sdk/src/rp2_common/pico_stdio/stdio.c.obj
                0x10005a94                __wrap_vprintf
 .text.__wrap_printf
                0x10005b68       0x18 CMakeFiles/Drone.dir/C_/VSARM/sdk/pico/pico-sdk/src/rp2_common/pico_stdio/stdio.c.obj
                0x10005b68                __wrap_printf
 .text.stdio_init_all
                0x10005b80        0x8 CMakeFiles/Drone.dir/C_/VSARM/sdk/pico/pico-sdk/src/rp2_common/pico_stdio/stdio.c.obj
                0x10005b80                stdio_init_all
 .text.resetd_init
                0x10005b88        0x4 CMakeFiles/Drone.dir/C_/VSARM/sdk/pico/pico-sdk/src/rp2_common/pico_stdio_usb/reset_interface.c.obj
 .text.resetd_reset
                0x10005b8c        0xc CMakeFiles/Drone.dir/C_/VSARM/sdk/pico/pico-sdk/src/rp2_common/pico_stdio_usb/reset_interface.c.obj
 .text.resetd_open
                0x10005b98       0x28 CMakeFiles/Drone.dir/C_/VSARM/sdk/pico/pico-sdk/src/rp2_common/pico_stdio_usb/reset_interface.c.obj
 .text.resetd_xfer_cb
                0x10005bc0        0x4 CMakeFiles/Drone.dir/C_/VSARM/sdk/pico/pico-sdk/src/rp2_common/pico_stdio_usb/reset_interface.c.obj
 .text.resetd_control_xfer_cb
                0x10005bc4       0x64 CMakeFiles/Drone.dir/C_/VSARM/sdk/pico/pico-sdk/src/rp2_common/pico_stdio_usb/reset_interface.c.obj
 .text.usbd_app_driver_get_cb
                0x10005c28        0xc CMakeFiles/Drone.dir/C_/VSARM/sdk/pico/pico-sdk/src/rp2_common/pico_stdio_usb/reset_interface.c.obj
                0x10005c28                usbd_app_driver_get_cb
 .text.tud_cdc_line_coding_cb
                0x10005c34       0x34 CMakeFiles/Drone.dir/C_/VSARM/sdk/pico/pico-sdk/src/rp2_common/pico_stdio_usb/reset_interface.c.obj
                0x10005c34                tud_cdc_line_coding_cb
 .text.stdio_usb_in_chars
                0x10005c68       0x68 CMakeFiles/Drone.dir/C_/VSARM/sdk/pico/pico-sdk/src/rp2_common/pico_stdio_usb/stdio_usb.c.obj
                0x10005c68                stdio_usb_in_chars
 .text.stdio_usb_out_chars
                0x10005cd0       0xe8 CMakeFiles/Drone.dir/C_/VSARM/sdk/pico/pico-sdk/src/rp2_common/pico_stdio_usb/stdio_usb.c.obj
 .text.timer_task
                0x10005db8       0x18 CMakeFiles/Drone.dir/C_/VSARM/sdk/pico/pico-sdk/src/rp2_common/pico_stdio_usb/stdio_usb.c.obj
 .text.usb_irq  0x10005dd0       0x10 CMakeFiles/Drone.dir/C_/VSARM/sdk/pico/pico-sdk/src/rp2_common/pico_stdio_usb/stdio_usb.c.obj
 .text.low_priority_worker_irq
                0x10005de0       0x24 CMakeFiles/Drone.dir/C_/VSARM/sdk/pico/pico-sdk/src/rp2_common/pico_stdio_usb/stdio_usb.c.obj
 .text.stdio_usb_init
                0x10005e04       0xb0 CMakeFiles/Drone.dir/C_/VSARM/sdk/pico/pico-sdk/src/rp2_common/pico_stdio_usb/stdio_usb.c.obj
                0x10005e04                stdio_usb_init
 .text.tud_descriptor_device_cb
                0x10005eb4        0x8 CMakeFiles/Drone.dir/C_/VSARM/sdk/pico/pico-sdk/src/rp2_common/pico_stdio_usb/stdio_usb_descriptors.c.obj
                0x10005eb4                tud_descriptor_device_cb
 .text.tud_descriptor_configuration_cb
                0x10005ebc        0x8 CMakeFiles/Drone.dir/C_/VSARM/sdk/pico/pico-sdk/src/rp2_common/pico_stdio_usb/stdio_usb_descriptors.c.obj
                0x10005ebc                tud_descriptor_configuration_cb
 .text.tud_descriptor_string_cb
                0x10005ec4       0x74 CMakeFiles/Drone.dir/C_/VSARM/sdk/pico/pico-sdk/src/rp2_common/pico_stdio_usb/stdio_usb_descriptors.c.obj
                0x10005ec4                tud_descriptor_string_cb
 .text.dcd_rp2040_irq
                0x10005f38      0x1cc CMakeFiles/Drone.dir/C_/VSARM/sdk/pico/pico-sdk/lib/tinyusb/src/portable/raspberrypi/rp2040/dcd_rp2040.c.obj
 .text.dcd_int_enable
                0x10006104        0xc CMakeFiles/Drone.dir/C_/VSARM/sdk/pico/pico-sdk/lib/tinyusb/src/portable/raspberrypi/rp2040/dcd_rp2040.c.obj
                0x10006104                dcd_int_enable
 .text.dcd_set_address
                0x10006110       0x14 CMakeFiles/Drone.dir/C_/VSARM/sdk/pico/pico-sdk/lib/tinyusb/src/portable/raspberrypi/rp2040/dcd_rp2040.c.obj
                0x10006110                dcd_set_address
 .text.dcd_connect
                0x10006124       0x10 CMakeFiles/Drone.dir/C_/VSARM/sdk/pico/pico-sdk/lib/tinyusb/src/portable/raspberrypi/rp2040/dcd_rp2040.c.obj
                0x10006124                dcd_connect
 .text.dcd_init
                0x10006134       0xf0 CMakeFiles/Drone.dir/C_/VSARM/sdk/pico/pico-sdk/lib/tinyusb/src/portable/raspberrypi/rp2040/dcd_rp2040.c.obj
                0x10006134                dcd_init
 .text.dcd_edpt0_status_complete
                0x10006224       0x1c CMakeFiles/Drone.dir/C_/VSARM/sdk/pico/pico-sdk/lib/tinyusb/src/portable/raspberrypi/rp2040/dcd_rp2040.c.obj
                0x10006224                dcd_edpt0_status_complete
 .text.dcd_edpt_open
                0x10006240       0xf0 CMakeFiles/Drone.dir/C_/VSARM/sdk/pico/pico-sdk/lib/tinyusb/src/portable/raspberrypi/rp2040/dcd_rp2040.c.obj
                0x10006240                dcd_edpt_open
 .text.dcd_edpt_close_all
                0x10006330       0x68 CMakeFiles/Drone.dir/C_/VSARM/sdk/pico/pico-sdk/lib/tinyusb/src/portable/raspberrypi/rp2040/dcd_rp2040.c.obj
                0x10006330                dcd_edpt_close_all
 .text.dcd_edpt_xfer
                0x10006398       0x24 CMakeFiles/Drone.dir/C_/VSARM/sdk/pico/pico-sdk/lib/tinyusb/src/portable/raspberrypi/rp2040/dcd_rp2040.c.obj
                0x10006398                dcd_edpt_xfer
 .text.dcd_edpt_stall
                0x100063bc       0x38 CMakeFiles/Drone.dir/C_/VSARM/sdk/pico/pico-sdk/lib/tinyusb/src/portable/raspberrypi/rp2040/dcd_rp2040.c.obj
                0x100063bc                dcd_edpt_stall
 .text.dcd_edpt_clear_stall
                0x100063f4       0x30 CMakeFiles/Drone.dir/C_/VSARM/sdk/pico/pico-sdk/lib/tinyusb/src/portable/raspberrypi/rp2040/dcd_rp2040.c.obj
                0x100063f4                dcd_edpt_clear_stall
 .text._hw_endpoint_buffer_control_update32.part.0.isra.0
                0x10006424       0x1c CMakeFiles/Drone.dir/C_/VSARM/sdk/pico/pico-sdk/lib/tinyusb/src/portable/raspberrypi/rp2040/rp2040_usb.c.obj
 .text.rp2040_usb_init
                0x10006440       0x4c CMakeFiles/Drone.dir/C_/VSARM/sdk/pico/pico-sdk/lib/tinyusb/src/portable/raspberrypi/rp2040/rp2040_usb.c.obj
                0x10006440                rp2040_usb_init
 .text.hw_endpoint_reset_transfer
                0x1000648c        0xc CMakeFiles/Drone.dir/C_/VSARM/sdk/pico/pico-sdk/lib/tinyusb/src/portable/raspberrypi/rp2040/rp2040_usb.c.obj
                0x1000648c                hw_endpoint_reset_transfer
 .text._hw_endpoint_buffer_control_update32
                0x10006498       0x44 CMakeFiles/Drone.dir/C_/VSARM/sdk/pico/pico-sdk/lib/tinyusb/src/portable/raspberrypi/rp2040/rp2040_usb.c.obj
                0x10006498                _hw_endpoint_buffer_control_update32
 .text.hw_endpoint_xfer_start
                0x100064dc      0x134 CMakeFiles/Drone.dir/C_/VSARM/sdk/pico/pico-sdk/lib/tinyusb/src/portable/raspberrypi/rp2040/rp2040_usb.c.obj
                0x100064dc                hw_endpoint_xfer_start
 .text.hw_endpoint_xfer_continue
                0x10006610      0x1dc CMakeFiles/Drone.dir/C_/VSARM/sdk/pico/pico-sdk/lib/tinyusb/src/portable/raspberrypi/rp2040/rp2040_usb.c.obj
                0x10006610                hw_endpoint_xfer_continue
 .text.tud_mounted
                0x100067ec       0x10 CMakeFiles/Drone.dir/C_/VSARM/sdk/pico/pico-sdk/lib/tinyusb/src/device/usbd.c.obj
                0x100067ec                tud_mounted
 .text.tud_suspended
                0x100067fc       0x10 CMakeFiles/Drone.dir/C_/VSARM/sdk/pico/pico-sdk/lib/tinyusb/src/device/usbd.c.obj
                0x100067fc                tud_suspended
 .text.tud_inited
                0x1000680c        0xc CMakeFiles/Drone.dir/C_/VSARM/sdk/pico/pico-sdk/lib/tinyusb/src/device/usbd.c.obj
                0x1000680c                tud_inited
 .text.tud_init
                0x10006818       0xd8 CMakeFiles/Drone.dir/C_/VSARM/sdk/pico/pico-sdk/lib/tinyusb/src/device/usbd.c.obj
                0x10006818                tud_init
 .text.tud_task
                0x100068f0      0x93c CMakeFiles/Drone.dir/C_/VSARM/sdk/pico/pico-sdk/lib/tinyusb/src/device/usbd.c.obj
                0x100068f0                tud_task
 .text.dcd_event_bus_signal
                0x1000722c      0x120 CMakeFiles/Drone.dir/C_/VSARM/sdk/pico/pico-sdk/lib/tinyusb/src/device/usbd.c.obj
                0x1000722c                dcd_event_bus_signal
 .text.dcd_event_bus_reset
                0x1000734c       0x54 CMakeFiles/Drone.dir/C_/VSARM/sdk/pico/pico-sdk/lib/tinyusb/src/device/usbd.c.obj
                0x1000734c                dcd_event_bus_reset
 .text.dcd_event_setup_received
                0x100073a0       0x50 CMakeFiles/Drone.dir/C_/VSARM/sdk/pico/pico-sdk/lib/tinyusb/src/device/usbd.c.obj
                0x100073a0                dcd_event_setup_received
 .text.dcd_event_xfer_complete
                0x100073f0       0x68 CMakeFiles/Drone.dir/C_/VSARM/sdk/pico/pico-sdk/lib/tinyusb/src/device/usbd.c.obj
                0x100073f0                dcd_event_xfer_complete
 .text.usbd_open_edpt_pair
                0x10007458       0x80 CMakeFiles/Drone.dir/C_/VSARM/sdk/pico/pico-sdk/lib/tinyusb/src/device/usbd.c.obj
                0x10007458                usbd_open_edpt_pair
 .text.usbd_edpt_open
                0x100074d8       0x30 CMakeFiles/Drone.dir/C_/VSARM/sdk/pico/pico-sdk/lib/tinyusb/src/device/usbd.c.obj
                0x100074d8                usbd_edpt_open
 .text.usbd_edpt_claim
                0x10007508       0x64 CMakeFiles/Drone.dir/C_/VSARM/sdk/pico/pico-sdk/lib/tinyusb/src/device/usbd.c.obj
                0x10007508                usbd_edpt_claim
 .text.usbd_edpt_release
                0x1000756c       0x4c CMakeFiles/Drone.dir/C_/VSARM/sdk/pico/pico-sdk/lib/tinyusb/src/device/usbd.c.obj
                0x1000756c                usbd_edpt_release
 .text.usbd_edpt_xfer
                0x100075b8       0x48 CMakeFiles/Drone.dir/C_/VSARM/sdk/pico/pico-sdk/lib/tinyusb/src/device/usbd.c.obj
                0x100075b8                usbd_edpt_xfer
 .text.tud_control_status
                0x10007600       0x2c CMakeFiles/Drone.dir/C_/VSARM/sdk/pico/pico-sdk/lib/tinyusb/src/device/usbd_control.c.obj
                0x10007600                tud_control_status
 .text.tud_control_xfer
                0x1000762c       0xac CMakeFiles/Drone.dir/C_/VSARM/sdk/pico/pico-sdk/lib/tinyusb/src/device/usbd_control.c.obj
                0x1000762c                tud_control_xfer
 .text.usbd_control_reset
                0x100076d8       0x14 CMakeFiles/Drone.dir/C_/VSARM/sdk/pico/pico-sdk/lib/tinyusb/src/device/usbd_control.c.obj
                0x100076d8                usbd_control_reset
 .text.usbd_control_set_complete_callback
                0x100076ec        0xc CMakeFiles/Drone.dir/C_/VSARM/sdk/pico/pico-sdk/lib/tinyusb/src/device/usbd_control.c.obj
                0x100076ec                usbd_control_set_complete_callback
 .text.usbd_control_set_request
                0x100076f8       0x1c CMakeFiles/Drone.dir/C_/VSARM/sdk/pico/pico-sdk/lib/tinyusb/src/device/usbd_control.c.obj
                0x100076f8                usbd_control_set_request
 .text.usbd_control_xfer_cb
                0x10007714       0xf4 CMakeFiles/Drone.dir/C_/VSARM/sdk/pico/pico-sdk/lib/tinyusb/src/device/usbd_control.c.obj
                0x10007714                usbd_control_xfer_cb
 .text.tud_cdc_n_connected
                0x10007808       0x30 CMakeFiles/Drone.dir/C_/VSARM/sdk/pico/pico-sdk/lib/tinyusb/src/class/cdc/cdc_device.c.obj
                0x10007808                tud_cdc_n_connected
 .text.tud_cdc_n_available
                0x10007838       0x18 CMakeFiles/Drone.dir/C_/VSARM/sdk/pico/pico-sdk/lib/tinyusb/src/class/cdc/cdc_device.c.obj
                0x10007838                tud_cdc_n_available
 .text.tud_cdc_n_read
                0x10007850       0x70 CMakeFiles/Drone.dir/C_/VSARM/sdk/pico/pico-sdk/lib/tinyusb/src/class/cdc/cdc_device.c.obj
                0x10007850                tud_cdc_n_read
 .text.tud_cdc_n_write_flush
                0x100078c0       0x78 CMakeFiles/Drone.dir/C_/VSARM/sdk/pico/pico-sdk/lib/tinyusb/src/class/cdc/cdc_device.c.obj
                0x100078c0                tud_cdc_n_write_flush
 .text.tud_cdc_n_write
                0x10007938       0x34 CMakeFiles/Drone.dir/C_/VSARM/sdk/pico/pico-sdk/lib/tinyusb/src/class/cdc/cdc_device.c.obj
                0x10007938                tud_cdc_n_write
 .text.tud_cdc_n_write_available
                0x1000796c       0x18 CMakeFiles/Drone.dir/C_/VSARM/sdk/pico/pico-sdk/lib/tinyusb/src/class/cdc/cdc_device.c.obj
                0x1000796c                tud_cdc_n_write_available
 .text.cdcd_init
                0x10007984       0x7c CMakeFiles/Drone.dir/C_/VSARM/sdk/pico/pico-sdk/lib/tinyusb/src/class/cdc/cdc_device.c.obj
                0x10007984                cdcd_init
 .text.cdcd_reset
                0x10007a00       0x2c CMakeFiles/Drone.dir/C_/VSARM/sdk/pico/pico-sdk/lib/tinyusb/src/class/cdc/cdc_device.c.obj
                0x10007a00                cdcd_reset
 .text.cdcd_open
                0x10007a2c       0xe4 CMakeFiles/Drone.dir/C_/VSARM/sdk/pico/pico-sdk/lib/tinyusb/src/class/cdc/cdc_device.c.obj
                0x10007a2c                cdcd_open
 .text.cdcd_control_xfer_cb
                0x10007b10       0xe4 CMakeFiles/Drone.dir/C_/VSARM/sdk/pico/pico-sdk/lib/tinyusb/src/class/cdc/cdc_device.c.obj
                0x10007b10                cdcd_control_xfer_cb
 .text.cdcd_xfer_cb
                0x10007bf4      0x148 CMakeFiles/Drone.dir/C_/VSARM/sdk/pico/pico-sdk/lib/tinyusb/src/class/cdc/cdc_device.c.obj
                0x10007bf4                cdcd_xfer_cb
 .text.tusb_init
                0x10007d3c        0xc CMakeFiles/Drone.dir/C_/VSARM/sdk/pico/pico-sdk/lib/tinyusb/src/tusb.c.obj
                0x10007d3c                tusb_init
 .text.tusb_inited
                0x10007d48        0x8 CMakeFiles/Drone.dir/C_/VSARM/sdk/pico/pico-sdk/lib/tinyusb/src/tusb.c.obj
                0x10007d48                tusb_inited
 .text.tu_edpt_validate
                0x10007d50       0x78 CMakeFiles/Drone.dir/C_/VSARM/sdk/pico/pico-sdk/lib/tinyusb/src/tusb.c.obj
                0x10007d50                tu_edpt_validate
 .text.tu_edpt_bind_driver
                0x10007dc8       0x2c CMakeFiles/Drone.dir/C_/VSARM/sdk/pico/pico-sdk/lib/tinyusb/src/tusb.c.obj
                0x10007dc8                tu_edpt_bind_driver
 .text.tu_fifo_config
                0x10007df4       0x78 CMakeFiles/Drone.dir/C_/VSARM/sdk/pico/pico-sdk/lib/tinyusb/src/common/tusb_fifo.c.obj
                0x10007df4                tu_fifo_config
 .text.tu_fifo_count
                0x10007e6c       0x20 CMakeFiles/Drone.dir/C_/VSARM/sdk/pico/pico-sdk/lib/tinyusb/src/common/tusb_fifo.c.obj
                0x10007e6c                tu_fifo_count
 .text.tu_fifo_empty
                0x10007e8c       0x10 CMakeFiles/Drone.dir/C_/VSARM/sdk/pico/pico-sdk/lib/tinyusb/src/common/tusb_fifo.c.obj
                0x10007e8c                tu_fifo_empty
 .text.tu_fifo_remaining
                0x10007e9c       0x1c CMakeFiles/Drone.dir/C_/VSARM/sdk/pico/pico-sdk/lib/tinyusb/src/common/tusb_fifo.c.obj
                0x10007e9c                tu_fifo_remaining
 .text.tu_fifo_read
                0x10007eb8       0x9c CMakeFiles/Drone.dir/C_/VSARM/sdk/pico/pico-sdk/lib/tinyusb/src/common/tusb_fifo.c.obj
                0x10007eb8                tu_fifo_read
 .text.tu_fifo_read_n
                0x10007f54       0xfc CMakeFiles/Drone.dir/C_/VSARM/sdk/pico/pico-sdk/lib/tinyusb/src/common/tusb_fifo.c.obj
                0x10007f54                tu_fifo_read_n
 .text.tu_fifo_write
                0x10008050       0x7c CMakeFiles/Drone.dir/C_/VSARM/sdk/pico/pico-sdk/lib/tinyusb/src/common/tusb_fifo.c.obj
                0x10008050                tu_fifo_write
 .text.tu_fifo_write_n
                0x100080cc      0x100 CMakeFiles/Drone.dir/C_/VSARM/sdk/pico/pico-sdk/lib/tinyusb/src/common/tusb_fifo.c.obj
                0x100080cc                tu_fifo_write_n
 .text.tu_fifo_clear
                0x100081cc       0x4c CMakeFiles/Drone.dir/C_/VSARM/sdk/pico/pico-sdk/lib/tinyusb/src/common/tusb_fifo.c.obj
                0x100081cc                tu_fifo_clear
 .text.tu_fifo_set_overwritable
                0x10008218       0x3c CMakeFiles/Drone.dir/C_/VSARM/sdk/pico/pico-sdk/lib/tinyusb/src/common/tusb_fifo.c.obj
                0x10008218                tu_fifo_set_overwritable
 .text.startup._retrieve_unique_id_on_boot
                0x10008254       0x10 CMakeFiles/Drone.dir/C_/VSARM/sdk/pico/pico-sdk/src/rp2_common/pico_unique_id/unique_id.c.obj
 .text.pico_get_unique_board_id_string
                0x10008264      0x1a8 CMakeFiles/Drone.dir/C_/VSARM/sdk/pico/pico-sdk/src/rp2_common/pico_unique_id/unique_id.c.obj
                0x10008264                pico_get_unique_board_id_string
 .text.flash_get_unique_id
                0x1000840c       0x40 CMakeFiles/Drone.dir/C_/VSARM/sdk/pico/pico-sdk/src/rp2_common/hardware_flash/flash.c.obj
                0x1000840c                flash_get_unique_id
 .text.spi_init
                0x1000844c       0xf8 CMakeFiles/Drone.dir/C_/VSARM/sdk/pico/pico-sdk/src/rp2_common/hardware_spi/spi.c.obj
                0x1000844c                spi_init
 .text.Paint_SetPixel.part.0
                0x10008544      0x12c lib\GUI\libGUI.a(GUI_Paint.c.obj)
 .text.Paint_DrawChar.part.0
                0x10008670       0xfc lib\GUI\libGUI.a(GUI_Paint.c.obj)
 .text.Paint_NewImage
                0x1000876c       0x44 lib\GUI\libGUI.a(GUI_Paint.c.obj)
                0x1000876c                Paint_NewImage
 .text.Paint_SetScale
                0x100087b0       0x6c lib\GUI\libGUI.a(GUI_Paint.c.obj)
                0x100087b0                Paint_SetScale
 .text.Paint_DrawString_EN
                0x1000881c       0xa4 lib\GUI\libGUI.a(GUI_Paint.c.obj)
                0x1000881c                Paint_DrawString_EN
 .text.malloc   0x100088c0       0x14 c:/vsarm/armcc/112202~1.02/bin/../lib/gcc/arm-none-eabi/11.2.1/thumb/v6-m/nofp\libc.a(lib_a-malloc.o)
                0x100088c0                malloc
 .text.free     0x100088d4       0x14 c:/vsarm/armcc/112202~1.02/bin/../lib/gcc/arm-none-eabi/11.2.1/thumb/v6-m/nofp\libc.a(lib_a-malloc.o)
                0x100088d4                free
 .text._malloc_r
                0x100088e8      0x57c c:/vsarm/armcc/112202~1.02/bin/../lib/gcc/arm-none-eabi/11.2.1/thumb/v6-m/nofp\libc.a(lib_a-mallocr.o)
                0x100088e8                _malloc_r
 .text.__malloc_lock
                0x10008e64        0x4 c:/vsarm/armcc/112202~1.02/bin/../lib/gcc/arm-none-eabi/11.2.1/thumb/v6-m/nofp\libc.a(lib_a-mlock.o)
                0x10008e64                __malloc_lock
 .text.__malloc_unlock
                0x10008e68        0x4 c:/vsarm/armcc/112202~1.02/bin/../lib/gcc/arm-none-eabi/11.2.1/thumb/v6-m/nofp\libc.a(lib_a-mlock.o)
                0x10008e68                __malloc_unlock
 .text._sbrk_r  0x10008e6c       0x24 c:/vsarm/armcc/112202~1.02/bin/../lib/gcc/arm-none-eabi/11.2.1/thumb/v6-m/nofp\libc.a(lib_a-sbrkr.o)
                0x10008e6c                _sbrk_r
 .text.strlen   0x10008e90       0x5c c:/vsarm/armcc/112202~1.02/bin/../lib/gcc/arm-none-eabi/11.2.1/thumb/v6-m/nofp\libc.a(lib_a-strlen-stub.o)
                0x10008e90                strlen
 .text._malloc_trim_r
                0x10008eec       0x9c c:/vsarm/armcc/112202~1.02/bin/../lib/gcc/arm-none-eabi/11.2.1/thumb/v6-m/nofp\libc.a(lib_a-freer.o)
                0x10008eec                _malloc_trim_r
 .text._free_r  0x10008f88      0x1bc c:/vsarm/armcc/112202~1.02/bin/../lib/gcc/arm-none-eabi/11.2.1/thumb/v6-m/nofp\libc.a(lib_a-freer.o)
                0x10008f88                _free_r
 *(.fini)
 .fini          0x10009144        0x4 c:/vsarm/armcc/112202~1.02/bin/../lib/gcc/arm-none-eabi/11.2.1/thumb/v6-m/nofp/crti.o
                0x10009144                _fini
 .fini.__stub   0x10009148       0x90 linker stubs
 *crtbegin.o(.ctors)
 *crtbegin?.o(.ctors)
 *(EXCLUDE_FILE(*crtend.o *crtend?.o) .ctors)
 *(SORT_BY_NAME(.ctors.*))
 *(.ctors)
 *crtbegin.o(.dtors)
 *crtbegin?.o(.dtors)
 *(EXCLUDE_FILE(*crtend.o *crtend?.o) .dtors)
 *(SORT_BY_NAME(.dtors.*))
 *(.dtors)
 *(.eh_frame*)
 .eh_frame      0x100091d8        0x0 c:/vsarm/armcc/112202~1.02/bin/../lib/gcc/arm-none-eabi/11.2.1/thumb/v6-m/nofp/crtbegin.o
                0x100091d8                . = ALIGN (0x4)

.glue_7         0x100091d8        0x0
 .glue_7        0x100091d8        0x0 linker stubs

.glue_7t        0x100091d8        0x0
 .glue_7t       0x100091d8        0x0 linker stubs

.vfp11_veneer   0x100091d8        0x0
 .vfp11_veneer  0x100091d8        0x0 linker stubs

.v4_bx          0x100091d8        0x0
 .v4_bx         0x100091d8        0x0 linker stubs

.iplt           0x100091d8        0x0
 .iplt          0x100091d8        0x0 c:/vsarm/armcc/112202~1.02/bin/../lib/gcc/arm-none-eabi/11.2.1/thumb/v6-m/nofp/crtbegin.o

.rodata         0x100091d8    0x4c884
 *(EXCLUDE_FILE(*libm.a: *libc.a:*lib_a-mem*.o *libgcc.a:) .rodata*)
 .rodata.img_temp.str1.4
                0x100091d8        0xc CMakeFiles/Drone.dir/frame_test.c.obj
 .rodata.img_pres.str1.4
                0x100091e4        0x9 CMakeFiles/Drone.dir/frame_test.c.obj
 *fill*         0x100091ed        0x3 
 .rodata.main.str1.4
                0x100091f0        0xc CMakeFiles/Drone.dir/frame_test.c.obj
                                 0x10 (size before relaxing)
 .rodata.sinTab
                0x100091fc       0x5b CMakeFiles/Drone.dir/frame_test.c.obj
                0x100091fc                sinTab
 *fill*         0x10009257        0x1 
 .rodata.trigot
                0x10009258      0x20a CMakeFiles/Drone.dir/frame_test.c.obj
                0x10009258                trigot
 *fill*         0x10009462        0x2 
 .rodata.vertgot
                0x10009464      0x234 CMakeFiles/Drone.dir/frame_test.c.obj
                0x10009464                vertgot
 .rodata        0x10009698        0x3 CMakeFiles/Drone.dir/barometer.c.obj
 *fill*         0x1000969b        0x1 
 .rodata.spin_lock_claim_unused.str1.4
                0x1000969c       0x1b CMakeFiles/Drone.dir/C_/VSARM/sdk/pico/pico-sdk/src/rp2_common/hardware_sync/sync.c.obj
 *fill*         0x100096b7        0x1 
 .rodata.user_irq_claim_unused.str1.4
                0x100096b8       0x1b CMakeFiles/Drone.dir/C_/VSARM/sdk/pico/pico-sdk/src/rp2_common/hardware_irq/irq.c.obj
 *fill*         0x100096d3        0x1 
 .rodata.hardware_alarm_claim.str1.4
                0x100096d4       0x22 CMakeFiles/Drone.dir/C_/VSARM/sdk/pico/pico-sdk/src/rp2_common/hardware_timer/timer.c.obj
 *fill*         0x100096f6        0x2 
 .rodata.panic.str1.4
                0x100096f8       0x12 CMakeFiles/Drone.dir/C_/VSARM/sdk/pico/pico-sdk/src/rp2_common/pico_runtime/runtime.c.obj
 *fill*         0x1000970a        0x2 
 .rodata.hard_assertion_failure.str1.4
                0x1000970c        0xc CMakeFiles/Drone.dir/C_/VSARM/sdk/pico/pico-sdk/src/rp2_common/pico_runtime/runtime.c.obj
 .rodata._ftoa.str1.4
                0x10009718       0x15 CMakeFiles/Drone.dir/C_/VSARM/sdk/pico/pico-sdk/src/rp2_common/pico_printf/printf.c.obj
 *fill*         0x1000972d        0x3 
 .rodata._vsnprintf
                0x10009730      0x19c CMakeFiles/Drone.dir/C_/VSARM/sdk/pico/pico-sdk/src/rp2_common/pico_printf/printf.c.obj
 *fill*         0x100098cc        0x4 
 .rodata.pow10.0
                0x100098d0       0x50 CMakeFiles/Drone.dir/C_/VSARM/sdk/pico/pico-sdk/src/rp2_common/pico_printf/printf.c.obj
 .rodata.__wrap_malloc.str1.4
                0x10009920        0xe CMakeFiles/Drone.dir/C_/VSARM/sdk/pico/pico-sdk/src/rp2_common/pico_malloc/pico_malloc.c.obj
 *fill*         0x1000992e        0x2 
 .rodata.str1.4
                0x10009930       0x3c CMakeFiles/Drone.dir/C_/VSARM/sdk/pico/pico-sdk/src/rp2_common/pico_standard_link/binary_info.c.obj
 .rodata.__bi_44
                0x1000996c        0xc CMakeFiles/Drone.dir/C_/VSARM/sdk/pico/pico-sdk/src/rp2_common/pico_standard_link/binary_info.c.obj
 .rodata.__bi_75
                0x10009978        0xc CMakeFiles/Drone.dir/C_/VSARM/sdk/pico/pico-sdk/src/rp2_common/pico_standard_link/binary_info.c.obj
 .rodata.__bi_81
                0x10009984        0xc CMakeFiles/Drone.dir/C_/VSARM/sdk/pico/pico-sdk/src/rp2_common/pico_standard_link/binary_info.c.obj
 .rodata.crlf_str.0
                0x10009990        0x2 CMakeFiles/Drone.dir/C_/VSARM/sdk/pico/pico-sdk/src/rp2_common/pico_stdio/stdio.c.obj
 *fill*         0x10009992        0x2 
 .rodata._resetd_driver
                0x10009994       0x18 CMakeFiles/Drone.dir/C_/VSARM/sdk/pico/pico-sdk/src/rp2_common/pico_stdio_usb/reset_interface.c.obj
 .rodata.str1.4
                0x100099ac       0x13 CMakeFiles/Drone.dir/C_/VSARM/sdk/pico/pico-sdk/src/rp2_common/pico_stdio_usb/stdio_usb.c.obj
 *fill*         0x100099bf        0x1 
 .rodata.__bi_118.0
                0x100099c0        0xc CMakeFiles/Drone.dir/C_/VSARM/sdk/pico/pico-sdk/src/rp2_common/pico_stdio_usb/stdio_usb.c.obj
 .rodata.str1.4
                0x100099cc       0x2a CMakeFiles/Drone.dir/C_/VSARM/sdk/pico/pico-sdk/src/rp2_common/pico_stdio_usb/stdio_usb_descriptors.c.obj
 *fill*         0x100099f6        0x2 
 .rodata.usbd_desc_cfg
                0x100099f8       0x54 CMakeFiles/Drone.dir/C_/VSARM/sdk/pico/pico-sdk/src/rp2_common/pico_stdio_usb/stdio_usb_descriptors.c.obj
 .rodata.usbd_desc_device
                0x10009a4c       0x12 CMakeFiles/Drone.dir/C_/VSARM/sdk/pico/pico-sdk/src/rp2_common/pico_stdio_usb/stdio_usb_descriptors.c.obj
 *fill*         0x10009a5e        0x2 
 .rodata.usbd_desc_str
                0x10009a60       0x18 CMakeFiles/Drone.dir/C_/VSARM/sdk/pico/pico-sdk/src/rp2_common/pico_stdio_usb/stdio_usb_descriptors.c.obj
 .rodata.dcd_rp2040_irq.str1.4
                0x10009a78       0x14 CMakeFiles/Drone.dir/C_/VSARM/sdk/pico/pico-sdk/lib/tinyusb/src/portable/raspberrypi/rp2040/dcd_rp2040.c.obj
 .rodata._hw_endpoint_buffer_control_update32.part.0.isra.0.str1.4
                0x10009a8c       0x1f CMakeFiles/Drone.dir/C_/VSARM/sdk/pico/pico-sdk/lib/tinyusb/src/portable/raspberrypi/rp2040/rp2040_usb.c.obj
 *fill*         0x10009aab        0x1 
 .rodata.hw_endpoint_xfer_continue.str1.4
                0x10009aac       0x29 CMakeFiles/Drone.dir/C_/VSARM/sdk/pico/pico-sdk/lib/tinyusb/src/portable/raspberrypi/rp2040/rp2040_usb.c.obj
 *fill*         0x10009ad5        0x3 
 .rodata.str1.4
                0x10009ad8        0x7 CMakeFiles/Drone.dir/C_/VSARM/sdk/pico/pico-sdk/lib/tinyusb/src/portable/raspberrypi/rp2040/rp2040_usb.c.obj
 *fill*         0x10009adf        0x1 
 .rodata.tud_task
                0x10009ae0       0x8c CMakeFiles/Drone.dir/C_/VSARM/sdk/pico/pico-sdk/lib/tinyusb/src/device/usbd.c.obj
 .rodata._usbd_driver
                0x10009b6c       0x18 CMakeFiles/Drone.dir/C_/VSARM/sdk/pico/pico-sdk/lib/tinyusb/src/device/usbd.c.obj
 .rodata        0x10009b84      0xed8 lib\Fonts\libFonts.a(font20.c.obj)
                0x10009b84                Font20_Table
                0x1000aa5c                . = ALIGN (0x4)
 *(SORT_BY_ALIGNMENT(SORT_BY_NAME(.flashdata*)))
 .flashdata     0x1000aa5c    0x4b000 CMakeFiles/Drone.dir/frame_test.c.obj
                0x1000aa5c                test_img
                0x10055a5c                . = ALIGN (0x4)

.rel.dyn        0x10055a5c        0x0
 .rel.iplt      0x10055a5c        0x0 c:/vsarm/armcc/112202~1.02/bin/../lib/gcc/arm-none-eabi/11.2.1/thumb/v6-m/nofp/crtbegin.o

.ARM.extab
 *(.ARM.extab* .gnu.linkonce.armextab.*)
                0x10055a5c                __exidx_start = .

.ARM.exidx
 *(.ARM.exidx* .gnu.linkonce.armexidx.*)
                0x10055a5c                __exidx_end = .
                0x10055a5c                . = ALIGN (0x4)
                0x10055a5c                __binary_info_start = .

.binary_info    0x10055a5c       0x20
 *(.binary_info.keep.*)
 .binary_info.keep.__bi_ptr22
                0x10055a5c        0x4 CMakeFiles/Drone.dir/C_/VSARM/sdk/pico/pico-sdk/src/rp2_common/pico_standard_link/binary_info.c.obj
 .binary_info.keep.__bi_ptr30
                0x10055a60        0x4 CMakeFiles/Drone.dir/C_/VSARM/sdk/pico/pico-sdk/src/rp2_common/pico_standard_link/binary_info.c.obj
 .binary_info.keep.__bi_ptr38
                0x10055a64        0x4 CMakeFiles/Drone.dir/C_/VSARM/sdk/pico/pico-sdk/src/rp2_common/pico_standard_link/binary_info.c.obj
 .binary_info.keep.__bi_ptr44
                0x10055a68        0x4 CMakeFiles/Drone.dir/C_/VSARM/sdk/pico/pico-sdk/src/rp2_common/pico_standard_link/binary_info.c.obj
 .binary_info.keep.__bi_ptr50
                0x10055a6c        0x4 CMakeFiles/Drone.dir/C_/VSARM/sdk/pico/pico-sdk/src/rp2_common/pico_standard_link/binary_info.c.obj
 .binary_info.keep.__bi_ptr75
                0x10055a70        0x4 CMakeFiles/Drone.dir/C_/VSARM/sdk/pico/pico-sdk/src/rp2_common/pico_standard_link/binary_info.c.obj
 .binary_info.keep.__bi_ptr81
                0x10055a74        0x4 CMakeFiles/Drone.dir/C_/VSARM/sdk/pico/pico-sdk/src/rp2_common/pico_standard_link/binary_info.c.obj
 *(.binary_info.*)
 .binary_info.__bi_ptr118
                0x10055a78        0x4 CMakeFiles/Drone.dir/C_/VSARM/sdk/pico/pico-sdk/src/rp2_common/pico_stdio_usb/stdio_usb.c.obj
                0x10055a7c                __binary_info_end = .
                0x10055a7c                . = ALIGN (0x4)
                0x10055a7c                __etext = .

.ram_vector_table
                0x20000000       0xc0
 *(.ram_vector_table)
 .ram_vector_table
                0x20000000       0xc0 CMakeFiles/Drone.dir/C_/VSARM/sdk/pico/pico-sdk/src/rp2_common/pico_runtime/runtime.c.obj
                0x20000000                ram_vector_table

.data           0x200000c0    0x266c8 load address 0x10055a7c
                0x200000c0                __data_start__ = .
 *(vtable)
 *(.time_critical*)
 .time_critical.mutex_enter_blocking
                0x200000c0       0x48 CMakeFiles/Drone.dir/C_/VSARM/sdk/pico/pico-sdk/src/common/pico_sync/mutex.c.obj
                0x200000c0                mutex_enter_blocking
 .time_critical.mutex_try_enter
                0x20000108       0x44 CMakeFiles/Drone.dir/C_/VSARM/sdk/pico/pico-sdk/src/common/pico_sync/mutex.c.obj
                0x20000108                mutex_try_enter
 .time_critical.mutex_enter_timeout_ms
                0x2000014c       0xa0 CMakeFiles/Drone.dir/C_/VSARM/sdk/pico/pico-sdk/src/common/pico_sync/mutex.c.obj
                0x2000014c                mutex_enter_timeout_ms
 .time_critical.mutex_exit
                0x200001ec       0x28 CMakeFiles/Drone.dir/C_/VSARM/sdk/pico/pico-sdk/src/common/pico_sync/mutex.c.obj
                0x200001ec                mutex_exit
 .time_critical.flash_init_boot2_copyout
                0x20000214       0x30 CMakeFiles/Drone.dir/C_/VSARM/sdk/pico/pico-sdk/src/rp2_common/hardware_flash/flash.c.obj
 .time_critical.flash_enable_xip_via_boot2
                0x20000244       0x10 CMakeFiles/Drone.dir/C_/VSARM/sdk/pico/pico-sdk/src/rp2_common/hardware_flash/flash.c.obj
 .time_critical.flash_cs_force
                0x20000254       0x38 CMakeFiles/Drone.dir/C_/VSARM/sdk/pico/pico-sdk/src/rp2_common/hardware_flash/flash.c.obj
 .time_critical.flash_do_cmd
                0x2000028c       0xc4 CMakeFiles/Drone.dir/C_/VSARM/sdk/pico/pico-sdk/src/rp2_common/hardware_flash/flash.c.obj
                0x2000028c                flash_do_cmd
 .time_critical.spi_write_blocking
                0x20000350       0x4c CMakeFiles/Drone.dir/C_/VSARM/sdk/pico/pico-sdk/src/rp2_common/hardware_spi/spi.c.obj
                0x20000350                spi_write_blocking
 .time_critical.spi_read_blocking
                0x2000039c       0x6c CMakeFiles/Drone.dir/C_/VSARM/sdk/pico/pico-sdk/src/rp2_common/hardware_spi/spi.c.obj
                0x2000039c                spi_read_blocking
 *(.text*)
 .text          0x20000408        0x4 c:/vsarm/armcc/112202~1.02/bin/../lib/gcc/arm-none-eabi/11.2.1/thumb/v6-m/nofp\libgcc.a(_dvmd_tls.o)
                0x20000408                __aeabi_idiv0
                0x20000408                __aeabi_ldiv0
 *fill*         0x2000040c        0x4 
 .text.__stub   0x20000410       0x30 linker stubs
                0x20000440                . = ALIGN (0x4)
 *(.rodata*)
                0x20000440                . = ALIGN (0x4)
 *(.data*)
 .data.cc85     0x20000440      0x100 CMakeFiles/Drone.dir/frame_test.c.obj
                0x20000440                cc85
 .data.cc86     0x20000540      0x100 CMakeFiles/Drone.dir/frame_test.c.obj
                0x20000540                cc86
 .data.fBuf     0x20000640    0x25800 CMakeFiles/Drone.dir/frame_test.c.obj
                0x20000640                fBuf
 .data.striped_spin_lock_num
                0x20025e40        0x1 CMakeFiles/Drone.dir/C_/VSARM/sdk/pico/pico-sdk/src/rp2_common/hardware_sync/sync.c.obj
 *fill*         0x20025e41        0x3 
 .data          0x20025e44       0x48 CMakeFiles/Drone.dir/C_/VSARM/sdk/pico/pico-sdk/src/rp2_common/hardware_irq/irq_handler_chain.S.obj
                0x20025e44                irq_handler_chain_slots
                0x20025e74                irq_handler_chain_first_slot
                0x20025e7e                irq_handler_chain_remove_tail
 .data.default_alarm_pool
                0x20025e8c       0x18 CMakeFiles/Drone.dir/C_/VSARM/sdk/pico/pico-sdk/src/common/pico_time/time.c.obj
 .data.default_alarm_pool_heap
                0x20025ea4       0x10 CMakeFiles/Drone.dir/C_/VSARM/sdk/pico/pico-sdk/src/common/pico_time/time.c.obj
 *fill*         0x20025eb4        0xc 
 .data.aeabi_bits_funcs
                0x20025ec0       0x10 CMakeFiles/Drone.dir/C_/VSARM/sdk/pico/pico-sdk/src/rp2_common/pico_bit_ops/bit_ops_aeabi.S.obj
                0x20025ec0                aeabi_bits_funcs
                0x20025ed0                aeabi_bits_funcs_end
 .data.aeabi_mem_funcs
                0x20025ed0       0x10 CMakeFiles/Drone.dir/C_/VSARM/sdk/pico/pico-sdk/src/rp2_common/pico_mem_ops/mem_ops_aeabi.S.obj
                0x20025ed0                aeabi_mem_funcs
                0x20025ee0                aeabi_mem_funcs_end
 .data.stdio_usb
                0x20025ee0       0x14 CMakeFiles/Drone.dir/C_/VSARM/sdk/pico/pico-sdk/src/rp2_common/pico_stdio_usb/stdio_usb.c.obj
                0x20025ee0                stdio_usb
 .data.ep_dir_string
                0x20025ef4        0x8 CMakeFiles/Drone.dir/C_/VSARM/sdk/pico/pico-sdk/lib/tinyusb/src/portable/raspberrypi/rp2040/rp2040_usb.c.obj
                0x20025ef4                ep_dir_string
 .data._usbd_qdef
                0x20025efc       0x24 CMakeFiles/Drone.dir/C_/VSARM/sdk/pico/pico-sdk/lib/tinyusb/src/device/usbd.c.obj
                0x20025efc                _usbd_qdef
 .data          0x20025f20        0x8 lib\Fonts\libFonts.a(font20.c.obj)
                0x20025f20                Font20
 .data._impure_ptr
                0x20025f28        0x4 c:/vsarm/armcc/112202~1.02/bin/../lib/gcc/arm-none-eabi/11.2.1/thumb/v6-m/nofp\libc.a(lib_a-impure.o)
                0x20025f28                _impure_ptr
 *fill*         0x20025f2c        0x4 
 .data.impure_data
                0x20025f30      0x428 c:/vsarm/armcc/112202~1.02/bin/../lib/gcc/arm-none-eabi/11.2.1/thumb/v6-m/nofp\libc.a(lib_a-impure.o)
 .data.__malloc_av_
                0x20026358      0x408 c:/vsarm/armcc/112202~1.02/bin/../lib/gcc/arm-none-eabi/11.2.1/thumb/v6-m/nofp\libc.a(lib_a-mallocr.o)
                0x20026358                __malloc_av_
 .data.__malloc_sbrk_base
                0x20026760        0x4 c:/vsarm/armcc/112202~1.02/bin/../lib/gcc/arm-none-eabi/11.2.1/thumb/v6-m/nofp\libc.a(lib_a-mallocr.o)
                0x20026760                __malloc_sbrk_base
 .data.__malloc_trim_threshold
                0x20026764        0x4 c:/vsarm/armcc/112202~1.02/bin/../lib/gcc/arm-none-eabi/11.2.1/thumb/v6-m/nofp\libc.a(lib_a-mallocr.o)
                0x20026764                __malloc_trim_threshold
                0x20026768                . = ALIGN (0x4)
 *(.after_data.*)
                0x20026768                . = ALIGN (0x4)
                0x20026768                PROVIDE (__mutex_array_start = .)
 *(SORT_BY_NAME(.mutex_array.*))
 *(.mutex_array)
 .mutex_array   0x20026768        0x8 CMakeFiles/Drone.dir/C_/VSARM/sdk/pico/pico-sdk/src/rp2_common/pico_stdio/stdio.c.obj
                0x20026770                PROVIDE (__mutex_array_end = .)
                0x20026770                . = ALIGN (0x4)
                0x20026770                PROVIDE (__preinit_array_start = .)
 *(SORT_BY_NAME(.preinit_array.*))
 .preinit_array.00001
                0x20026770        0x4 CMakeFiles/Drone.dir/C_/VSARM/sdk/pico/pico-sdk/src/rp2_common/pico_mem_ops/mem_ops_aeabi.S.obj
 .preinit_array.00010
                0x20026774        0x4 CMakeFiles/Drone.dir/C_/VSARM/sdk/pico/pico-sdk/src/rp2_common/pico_bit_ops/bit_ops_aeabi.S.obj
 .preinit_array.00020
                0x20026778        0x4 CMakeFiles/Drone.dir/C_/VSARM/sdk/pico/pico-sdk/src/rp2_common/pico_double/double_aeabi.S.obj
 .preinit_array.00020
                0x2002677c        0x4 CMakeFiles/Drone.dir/C_/VSARM/sdk/pico/pico-sdk/src/rp2_common/pico_float/float_aeabi.S.obj
 *(.preinit_array)
                0x20026780                PROVIDE (__preinit_array_end = .)
                0x20026780                . = ALIGN (0x4)
                0x20026780                PROVIDE (__init_array_start = .)
 *(SORT_BY_NAME(.init_array.*))
 *(.init_array)
 .init_array    0x20026780        0x4 c:/vsarm/armcc/112202~1.02/bin/../lib/gcc/arm-none-eabi/11.2.1/thumb/v6-m/nofp/crtbegin.o
 .init_array    0x20026784        0x4 CMakeFiles/Drone.dir/C_/VSARM/sdk/pico/pico-sdk/src/rp2_common/pico_unique_id/unique_id.c.obj
                0x20026788                PROVIDE (__init_array_end = .)
                0x20026788                . = ALIGN (0x4)
                [!provide]                PROVIDE (__fini_array_start = .)
 *(SORT_BY_NAME(.fini_array.*))
 *(.fini_array)
                [!provide]                PROVIDE (__fini_array_end = .)
 *(.jcr)
                0x20026788                . = ALIGN (0x4)
                0x20026788                __data_end__ = .

.tm_clone_table
                0x20026788        0x0 load address 0x1007c144
 .tm_clone_table
                0x20026788        0x0 c:/vsarm/armcc/112202~1.02/bin/../lib/gcc/arm-none-eabi/11.2.1/thumb/v6-m/nofp/crtbegin.o
 .tm_clone_table
                0x20026788        0x0 c:/vsarm/armcc/112202~1.02/bin/../lib/gcc/arm-none-eabi/11.2.1/thumb/v6-m/nofp/crtend.o

.igot.plt       0x20026788        0x0 load address 0x1007c144
 .igot.plt      0x20026788        0x0 c:/vsarm/armcc/112202~1.02/bin/../lib/gcc/arm-none-eabi/11.2.1/thumb/v6-m/nofp/crtbegin.o

.uninitialized_data
                0x20026788        0x0 load address 0x1007c144
                0x20026788                . = ALIGN (0x4)
 *(.uninitialized_data*)

.scratch_x      0x20040000        0x0 load address 0x1007c144
                0x20040000                __scratch_x_start__ = .
 *(.scratch_x.*)
                0x20040000                . = ALIGN (0x4)
                0x20040000                __scratch_x_end__ = .
                0x1007c144                __scratch_x_source__ = LOADADDR (.scratch_x)

.scratch_y      0x20041000        0x0 load address 0x1007c144
                0x20041000                __scratch_y_start__ = .
 *(.scratch_y.*)
                0x20041000                . = ALIGN (0x4)
                0x20041000                __scratch_y_end__ = .
                0x1007c144                __scratch_y_source__ = LOADADDR (.scratch_y)

.bss            0x20026788     0x3f84
                0x20026788                . = ALIGN (0x4)
                0x20026788                __bss_start__ = .
 *(SORT_BY_ALIGNMENT(SORT_BY_NAME(.bss*)))
 .bss.default_alarm_pool_entries
                0x20026788      0x100 CMakeFiles/Drone.dir/C_/VSARM/sdk/pico/pico-sdk/src/common/pico_time/time.c.obj
 .bss.last_avail_time.1
                0x20026888        0x8 CMakeFiles/Drone.dir/C_/VSARM/sdk/pico/pico-sdk/src/rp2_common/pico_stdio_usb/stdio_usb.c.obj
 .bss.sd_table  0x20026890      0x100 CMakeFiles/Drone.dir/C_/VSARM/sdk/pico/pico-sdk/src/rp2_common/pico_double/double_init_rom.c.obj
                0x20026890                sd_table
 .bss.sf_table  0x20026990      0x100 CMakeFiles/Drone.dir/C_/VSARM/sdk/pico/pico-sdk/src/rp2_common/pico_float/float_init_rom.c.obj
                0x20026990                sf_table
 .bss.Paint     0x20026a90       0x18 lib\GUI\libGUI.a(GUI_Paint.c.obj)
                0x20026a90                Paint
 .bss.__malloc_current_mallinfo
                0x20026aa8       0x28 c:/vsarm/armcc/112202~1.02/bin/../lib/gcc/arm-none-eabi/11.2.1/thumb/v6-m/nofp\libc.a(lib_a-mallocr.o)
                0x20026aa8                __malloc_current_mallinfo
 .bss.__malloc_max_sbrked_mem
                0x20026ad0        0x4 c:/vsarm/armcc/112202~1.02/bin/../lib/gcc/arm-none-eabi/11.2.1/thumb/v6-m/nofp\libc.a(lib_a-mallocr.o)
                0x20026ad0                __malloc_max_sbrked_mem
 .bss.__malloc_max_total_mem
                0x20026ad4        0x4 c:/vsarm/armcc/112202~1.02/bin/../lib/gcc/arm-none-eabi/11.2.1/thumb/v6-m/nofp\libc.a(lib_a-mallocr.o)
                0x20026ad4                __malloc_max_total_mem
 .bss.__malloc_top_pad
                0x20026ad8        0x4 c:/vsarm/armcc/112202~1.02/bin/../lib/gcc/arm-none-eabi/11.2.1/thumb/v6-m/nofp\libc.a(lib_a-mallocr.o)
                0x20026ad8                __malloc_top_pad
 .bss._app_driver
                0x20026adc        0x4 CMakeFiles/Drone.dir/C_/VSARM/sdk/pico/pico-sdk/lib/tinyusb/src/device/usbd.c.obj
 .bss._cdcd_itf
                0x20026ae0      0x2d8 CMakeFiles/Drone.dir/C_/VSARM/sdk/pico/pico-sdk/lib/tinyusb/src/class/cdc/cdc_device.c.obj
 .bss._ctrl_xfer
                0x20026db8       0x14 CMakeFiles/Drone.dir/C_/VSARM/sdk/pico/pico-sdk/lib/tinyusb/src/device/usbd_control.c.obj
 .bss._ubsd_mutexdef
                0x20026dcc        0x8 CMakeFiles/Drone.dir/C_/VSARM/sdk/pico/pico-sdk/lib/tinyusb/src/device/usbd.c.obj
 .bss._usbd_ctrl_buf
                0x20026dd4       0x40 CMakeFiles/Drone.dir/C_/VSARM/sdk/pico/pico-sdk/lib/tinyusb/src/device/usbd_control.c.obj
 .bss._usbd_dev
                0x20026e14       0x53 CMakeFiles/Drone.dir/C_/VSARM/sdk/pico/pico-sdk/lib/tinyusb/src/device/usbd.c.obj
 *fill*         0x20026e67        0x1 
 .bss._usbd_mutex
                0x20026e68        0x4 CMakeFiles/Drone.dir/C_/VSARM/sdk/pico/pico-sdk/lib/tinyusb/src/device/usbd.c.obj
 .bss._usbd_q   0x20026e6c        0x4 CMakeFiles/Drone.dir/C_/VSARM/sdk/pico/pico-sdk/lib/tinyusb/src/device/usbd.c.obj
 .bss._usbd_qdef_buf
                0x20026e70       0xc0 CMakeFiles/Drone.dir/C_/VSARM/sdk/pico/pico-sdk/lib/tinyusb/src/device/usbd.c.obj
                0x20026e70                _usbd_qdef_buf
 .bss.alarm_callbacks
                0x20026f30       0x10 CMakeFiles/Drone.dir/C_/VSARM/sdk/pico/pico-sdk/src/rp2_common/hardware_timer/timer.c.obj
 .bss.bfCull    0x20026f40        0x4 CMakeFiles/Drone.dir/frame_test.c.obj
                0x20026f40                bfCull
 .bss.boot2_copyout
                0x20026f44      0x100 CMakeFiles/Drone.dir/C_/VSARM/sdk/pico/pico-sdk/src/rp2_common/hardware_flash/flash.c.obj
 .bss.claimed   0x20027044        0x4 CMakeFiles/Drone.dir/C_/VSARM/sdk/pico/pico-sdk/src/rp2_common/hardware_sync/sync.c.obj
 .bss.configured_freq
                0x20027048       0x28 CMakeFiles/Drone.dir/C_/VSARM/sdk/pico/pico-sdk/src/rp2_common/hardware_clocks/clocks.c.obj
 .bss.default_alarm_pool_entry_ids_high
                0x20027070       0x10 CMakeFiles/Drone.dir/C_/VSARM/sdk/pico/pico-sdk/src/common/pico_time/time.c.obj
 .bss.default_alarm_pool_heap_nodes
                0x20027080       0x30 CMakeFiles/Drone.dir/C_/VSARM/sdk/pico/pico-sdk/src/common/pico_time/time.c.obj
 .bss.desc_str.0
                0x200270b0       0x28 CMakeFiles/Drone.dir/C_/VSARM/sdk/pico/pico-sdk/src/rp2_common/pico_stdio_usb/stdio_usb_descriptors.c.obj
 .bss.drivers   0x200270d8        0x4 CMakeFiles/Drone.dir/C_/VSARM/sdk/pico/pico-sdk/src/rp2_common/pico_stdio/stdio.c.obj
 .bss.errno     0x200270dc        0x4 c:/vsarm/armcc/112202~1.02/bin/../lib/gcc/arm-none-eabi/11.2.1/thumb/v6-m/nofp\libc.a(lib_a-reent.o)
                0x200270dc                errno
 .bss.f_p       0x200270e0        0x4 CMakeFiles/Drone.dir/frame_test.c.obj
                0x200270e0                f_p
 .bss.f_t       0x200270e4        0x4 CMakeFiles/Drone.dir/frame_test.c.obj
                0x200270e4                f_t
 .bss.filter    0x200270e8        0x4 CMakeFiles/Drone.dir/C_/VSARM/sdk/pico/pico-sdk/src/rp2_common/pico_stdio/stdio.c.obj
 .bss.frBuf     0x200270ec     0x2800 CMakeFiles/Drone.dir/frame_test.c.obj
                0x200270ec                frBuf
 .bss.heap_end.0
                0x200298ec        0x4 CMakeFiles/Drone.dir/C_/VSARM/sdk/pico/pico-sdk/src/rp2_common/pico_runtime/runtime.c.obj
 .bss.hw_endpoints
                0x200298f0      0x400 CMakeFiles/Drone.dir/C_/VSARM/sdk/pico/pico-sdk/lib/tinyusb/src/portable/raspberrypi/rp2040/dcd_rp2040.c.obj
 .bss.lazy_vsnprintf
                0x20029cf0        0x4 CMakeFiles/Drone.dir/C_/VSARM/sdk/pico/pico-sdk/src/rp2_common/pico_printf/printf.c.obj
 .bss.lightShade
                0x20029cf4        0x4 CMakeFiles/Drone.dir/frame_test.c.obj
                0x20029cf4                lightShade
 .bss.load_value
                0x20029cf8        0x4 CMakeFiles/Drone.dir/C_/VSARM/sdk/pico/pico-sdk/src/rp2_common/hardware_watchdog/watchdog.c.obj
 .bss.next_buffer_ptr
                0x20029cfc        0x4 CMakeFiles/Drone.dir/C_/VSARM/sdk/pico/pico-sdk/lib/tinyusb/src/portable/raspberrypi/rp2040/dcd_rp2040.c.obj
 .bss.normZ     0x20029d00      0x1e0 CMakeFiles/Drone.dir/frame_test.c.obj
                0x20029d00                normZ
 .bss.numVisible
                0x20029ee0        0x4 CMakeFiles/Drone.dir/frame_test.c.obj
                0x20029ee0                numVisible
 .bss.object.0  0x20029ee4       0x18 c:/vsarm/armcc/112202~1.02/bin/../lib/gcc/arm-none-eabi/11.2.1/thumb/v6-m/nofp/crtbegin.o
 .bss.orient    0x20029efc        0x4 CMakeFiles/Drone.dir/frame_test.c.obj
                0x20029efc                orient
 .bss.polyColors
                0x20029f00        0x4 CMakeFiles/Drone.dir/frame_test.c.obj
                0x20029f00                polyColors
 .bss.polys     0x20029f04        0x4 CMakeFiles/Drone.dir/frame_test.c.obj
                0x20029f04                polys
 .bss.pools     0x20029f08       0x10 CMakeFiles/Drone.dir/C_/VSARM/sdk/pico/pico-sdk/src/common/pico_time/time.c.obj
 .bss.presCal   0x20029f18       0x24 CMakeFiles/Drone.dir/barometer.c.obj
                0x20029f18                presCal
 .bss.projVerts
                0x20029f3c      0x230 CMakeFiles/Drone.dir/frame_test.c.obj
                0x20029f3c                projVerts
 .bss.retrieved_id
                0x2002a16c        0x8 CMakeFiles/Drone.dir/C_/VSARM/sdk/pico/pico-sdk/src/rp2_common/pico_unique_id/unique_id.c.obj
 .bss.rot0      0x2002a174        0x4 CMakeFiles/Drone.dir/frame_test.c.obj
                0x2002a174                rot0
 .bss.rot1      0x2002a178        0x4 CMakeFiles/Drone.dir/frame_test.c.obj
                0x2002a178                rot1
 .bss.sf_clz_func
                0x2002a17c        0x4 CMakeFiles/Drone.dir/C_/VSARM/sdk/pico/pico-sdk/src/rp2_common/pico_double/double_init_rom.c.obj
                0x2002a17c                sf_clz_func
 .bss.sleep_notifier
                0x2002a180        0x4 CMakeFiles/Drone.dir/C_/VSARM/sdk/pico/pico-sdk/src/common/pico_time/time.c.obj
 .bss.sortedPolys
                0x2002a184      0x1e0 CMakeFiles/Drone.dir/frame_test.c.obj
                0x2002a184                sortedPolys
 .bss.stdio_usb_mutex
                0x2002a364        0x8 CMakeFiles/Drone.dir/C_/VSARM/sdk/pico/pico-sdk/src/rp2_common/pico_stdio_usb/stdio_usb.c.obj
 .bss.t         0x2002a36c        0x4 CMakeFiles/Drone.dir/frame_test.c.obj
                0x2002a36c                t
 .bss.t_fine    0x2002a370        0x4 CMakeFiles/Drone.dir/barometer.c.obj
                0x2002a370                t_fine
 .bss.target_hi
                0x2002a374       0x10 CMakeFiles/Drone.dir/C_/VSARM/sdk/pico/pico-sdk/src/rp2_common/hardware_timer/timer.c.obj
 .bss.tempCal   0x2002a384        0xc CMakeFiles/Drone.dir/barometer.c.obj
                0x2002a384                tempCal
 .bss.transVerts
                0x2002a390      0x348 CMakeFiles/Drone.dir/frame_test.c.obj
                0x2002a390                transVerts
 .bss.usbd_serial_str
                0x2002a6d8       0x11 CMakeFiles/Drone.dir/C_/VSARM/sdk/pico/pico-sdk/src/rp2_common/pico_stdio_usb/stdio_usb_descriptors.c.obj
 *fill*         0x2002a6e9        0x3 
 .bss.user_irq_claimed
                0x2002a6ec        0x2 CMakeFiles/Drone.dir/C_/VSARM/sdk/pico/pico-sdk/src/rp2_common/hardware_irq/irq.c.obj
 *fill*         0x2002a6ee        0x2 
 .bss.verts     0x2002a6f0        0x4 CMakeFiles/Drone.dir/frame_test.c.obj
                0x2002a6f0                verts
 .bss.x         0x2002a6f4        0x4 CMakeFiles/Drone.dir/waveshare_frame.c.obj
                0x2002a6f4                x
 .bss.y         0x2002a6f8        0x4 CMakeFiles/Drone.dir/waveshare_frame.c.obj
                0x2002a6f8                y
 .bss.yFr       0x2002a6fc        0x4 CMakeFiles/Drone.dir/frame_test.c.obj
                0x2002a6fc                yFr
 .bss.numPolys  0x2002a700        0x2 CMakeFiles/Drone.dir/frame_test.c.obj
                0x2002a700                numPolys
 .bss.numVerts  0x2002a702        0x2 CMakeFiles/Drone.dir/frame_test.c.obj
                0x2002a702                numVerts
 .bss._app_driver_count
                0x2002a704        0x1 CMakeFiles/Drone.dir/C_/VSARM/sdk/pico/pico-sdk/lib/tinyusb/src/device/usbd.c.obj
 .bss._usbd_initialized
                0x2002a705        0x1 CMakeFiles/Drone.dir/C_/VSARM/sdk/pico/pico-sdk/lib/tinyusb/src/device/usbd.c.obj
 .bss.boot2_copyout_valid
                0x2002a706        0x1 CMakeFiles/Drone.dir/C_/VSARM/sdk/pico/pico-sdk/src/rp2_common/hardware_flash/flash.c.obj
 .bss.claimed   0x2002a707        0x1 CMakeFiles/Drone.dir/C_/VSARM/sdk/pico/pico-sdk/src/rp2_common/hardware_timer/timer.c.obj
 .bss.irq_hander_chain_free_slot_head
                0x2002a708        0x1 CMakeFiles/Drone.dir/C_/VSARM/sdk/pico/pico-sdk/src/rp2_common/hardware_irq/irq.c.obj
 .bss.itf_num   0x2002a709        0x1 CMakeFiles/Drone.dir/C_/VSARM/sdk/pico/pico-sdk/src/rp2_common/pico_stdio_usb/reset_interface.c.obj
 .bss.low_priority_irq_num
                0x2002a70a        0x1 CMakeFiles/Drone.dir/C_/VSARM/sdk/pico/pico-sdk/src/rp2_common/pico_stdio_usb/stdio_usb.c.obj
 .bss.timer_callbacks_pending
                0x2002a70b        0x1 CMakeFiles/Drone.dir/C_/VSARM/sdk/pico/pico-sdk/src/rp2_common/hardware_timer/timer.c.obj
 *(COMMON)
                0x2002a70c                . = ALIGN (0x4)
                0x2002a70c                __bss_end__ = .

.heap           0x2002a70c      0x800
                0x2002a70c                __end__ = .
                0x2002a70c                end = __end__
 *(.heap*)
 .heap          0x2002a70c      0x800 CMakeFiles/Drone.dir/C_/VSARM/sdk/pico/pico-sdk/src/rp2_common/pico_standard_link/crt0.S.obj
                0x2002af0c                __HeapLimit = .

.stack1_dummy   0x20040000        0x0
 *(.stack1*)

.stack_dummy    0x20041000      0x800
 *(.stack*)
 .stack         0x20041000      0x800 CMakeFiles/Drone.dir/C_/VSARM/sdk/pico/pico-sdk/src/rp2_common/pico_standard_link/crt0.S.obj

.flash_end      0x1007c144        0x0
                0x1007c144                __flash_binary_end = .
                0x20040000                __StackLimit = (ORIGIN (RAM) + LENGTH (RAM))
                0x20041000                __StackOneTop = (ORIGIN (SCRATCH_X) + LENGTH (SCRATCH_X))
                0x20042000                __StackTop = (ORIGIN (SCRATCH_Y) + LENGTH (SCRATCH_Y))
                0x20041000                __StackOneBottom = (__StackOneTop - SIZEOF (.stack1_dummy))
                0x20041800                __StackBottom = (__StackTop - SIZEOF (.stack_dummy))
                0x20042000                PROVIDE (__stack = __StackTop)
                0x00000001                ASSERT ((__StackLimit >= __HeapLimit), region RAM overflowed)
                0x00000001                ASSERT (((__binary_info_header_end - __logical_binary_start) <= 0x100), Binary info must be in first 256 bytes of the binary)
LOAD CMakeFiles/Drone.dir/frame_test.c.obj
LOAD CMakeFiles/Drone.dir/waveshare_frame.c.obj
LOAD CMakeFiles/Drone.dir/barometer.c.obj
LOAD CMakeFiles/Drone.dir/run_motors.c.obj
LOAD CMakeFiles/Drone.dir/C_/VSARM/sdk/pico/pico-sdk/src/rp2_common/pico_stdlib/stdlib.c.obj
LOAD CMakeFiles/Drone.dir/C_/VSARM/sdk/pico/pico-sdk/src/rp2_common/hardware_gpio/gpio.c.obj
LOAD CMakeFiles/Drone.dir/C_/VSARM/sdk/pico/pico-sdk/src/rp2_common/hardware_claim/claim.c.obj
LOAD CMakeFiles/Drone.dir/C_/VSARM/sdk/pico/pico-sdk/src/rp2_common/pico_platform/platform.c.obj
LOAD CMakeFiles/Drone.dir/C_/VSARM/sdk/pico/pico-sdk/src/rp2_common/hardware_sync/sync.c.obj
LOAD CMakeFiles/Drone.dir/C_/VSARM/sdk/pico/pico-sdk/src/rp2_common/hardware_irq/irq.c.obj
LOAD CMakeFiles/Drone.dir/C_/VSARM/sdk/pico/pico-sdk/src/rp2_common/hardware_irq/irq_handler_chain.S.obj
LOAD CMakeFiles/Drone.dir/C_/VSARM/sdk/pico/pico-sdk/src/common/pico_sync/sem.c.obj
LOAD CMakeFiles/Drone.dir/C_/VSARM/sdk/pico/pico-sdk/src/common/pico_sync/lock_core.c.obj
LOAD CMakeFiles/Drone.dir/C_/VSARM/sdk/pico/pico-sdk/src/common/pico_time/time.c.obj
LOAD CMakeFiles/Drone.dir/C_/VSARM/sdk/pico/pico-sdk/src/common/pico_time/timeout_helper.c.obj
LOAD CMakeFiles/Drone.dir/C_/VSARM/sdk/pico/pico-sdk/src/rp2_common/hardware_timer/timer.c.obj
LOAD CMakeFiles/Drone.dir/C_/VSARM/sdk/pico/pico-sdk/src/common/pico_util/datetime.c.obj
LOAD CMakeFiles/Drone.dir/C_/VSARM/sdk/pico/pico-sdk/src/common/pico_util/pheap.c.obj
LOAD CMakeFiles/Drone.dir/C_/VSARM/sdk/pico/pico-sdk/src/common/pico_util/queue.c.obj
LOAD CMakeFiles/Drone.dir/C_/VSARM/sdk/pico/pico-sdk/src/common/pico_sync/mutex.c.obj
LOAD CMakeFiles/Drone.dir/C_/VSARM/sdk/pico/pico-sdk/src/common/pico_sync/critical_section.c.obj
LOAD CMakeFiles/Drone.dir/C_/VSARM/sdk/pico/pico-sdk/src/rp2_common/hardware_uart/uart.c.obj
LOAD CMakeFiles/Drone.dir/C_/VSARM/sdk/pico/pico-sdk/src/rp2_common/hardware_divider/divider.S.obj
LOAD CMakeFiles/Drone.dir/C_/VSARM/sdk/pico/pico-sdk/src/rp2_common/pico_runtime/runtime.c.obj
LOAD CMakeFiles/Drone.dir/C_/VSARM/sdk/pico/pico-sdk/src/rp2_common/hardware_clocks/clocks.c.obj
LOAD CMakeFiles/Drone.dir/C_/VSARM/sdk/pico/pico-sdk/src/rp2_common/hardware_pll/pll.c.obj
LOAD CMakeFiles/Drone.dir/C_/VSARM/sdk/pico/pico-sdk/src/rp2_common/hardware_vreg/vreg.c.obj
LOAD CMakeFiles/Drone.dir/C_/VSARM/sdk/pico/pico-sdk/src/rp2_common/hardware_watchdog/watchdog.c.obj
LOAD CMakeFiles/Drone.dir/C_/VSARM/sdk/pico/pico-sdk/src/rp2_common/hardware_xosc/xosc.c.obj
LOAD CMakeFiles/Drone.dir/C_/VSARM/sdk/pico/pico-sdk/src/rp2_common/pico_printf/printf.c.obj
LOAD CMakeFiles/Drone.dir/C_/VSARM/sdk/pico/pico-sdk/src/rp2_common/pico_bit_ops/bit_ops_aeabi.S.obj
LOAD CMakeFiles/Drone.dir/C_/VSARM/sdk/pico/pico-sdk/src/rp2_common/pico_bootrom/bootrom.c.obj
LOAD CMakeFiles/Drone.dir/C_/VSARM/sdk/pico/pico-sdk/src/rp2_common/pico_divider/divider.S.obj
LOAD CMakeFiles/Drone.dir/C_/VSARM/sdk/pico/pico-sdk/src/rp2_common/pico_double/double_aeabi.S.obj
LOAD CMakeFiles/Drone.dir/C_/VSARM/sdk/pico/pico-sdk/src/rp2_common/pico_double/double_init_rom.c.obj
LOAD CMakeFiles/Drone.dir/C_/VSARM/sdk/pico/pico-sdk/src/rp2_common/pico_double/double_math.c.obj
LOAD CMakeFiles/Drone.dir/C_/VSARM/sdk/pico/pico-sdk/src/rp2_common/pico_double/double_v1_rom_shim.S.obj
LOAD CMakeFiles/Drone.dir/C_/VSARM/sdk/pico/pico-sdk/src/rp2_common/pico_int64_ops/pico_int64_ops_aeabi.S.obj
LOAD CMakeFiles/Drone.dir/C_/VSARM/sdk/pico/pico-sdk/src/rp2_common/pico_float/float_aeabi.S.obj
LOAD CMakeFiles/Drone.dir/C_/VSARM/sdk/pico/pico-sdk/src/rp2_common/pico_float/float_init_rom.c.obj
LOAD CMakeFiles/Drone.dir/C_/VSARM/sdk/pico/pico-sdk/src/rp2_common/pico_float/float_math.c.obj
LOAD CMakeFiles/Drone.dir/C_/VSARM/sdk/pico/pico-sdk/src/rp2_common/pico_float/float_v1_rom_shim.S.obj
LOAD CMakeFiles/Drone.dir/C_/VSARM/sdk/pico/pico-sdk/src/rp2_common/pico_malloc/pico_malloc.c.obj
LOAD CMakeFiles/Drone.dir/C_/VSARM/sdk/pico/pico-sdk/src/rp2_common/pico_mem_ops/mem_ops_aeabi.S.obj
LOAD CMakeFiles/Drone.dir/C_/VSARM/sdk/pico/pico-sdk/src/rp2_common/pico_standard_link/crt0.S.obj
LOAD CMakeFiles/Drone.dir/C_/VSARM/sdk/pico/pico-sdk/src/rp2_common/pico_standard_link/new_delete.cpp.obj
LOAD CMakeFiles/Drone.dir/C_/VSARM/sdk/pico/pico-sdk/src/rp2_common/pico_standard_link/binary_info.c.obj
LOAD CMakeFiles/Drone.dir/C_/VSARM/sdk/pico/pico-sdk/src/rp2_common/pico_stdio/stdio.c.obj
LOAD CMakeFiles/Drone.dir/C_/VSARM/sdk/pico/pico-sdk/src/rp2_common/pico_stdio_usb/reset_interface.c.obj
LOAD CMakeFiles/Drone.dir/C_/VSARM/sdk/pico/pico-sdk/src/rp2_common/pico_stdio_usb/stdio_usb.c.obj
LOAD CMakeFiles/Drone.dir/C_/VSARM/sdk/pico/pico-sdk/src/rp2_common/pico_stdio_usb/stdio_usb_descriptors.c.obj
LOAD CMakeFiles/Drone.dir/C_/VSARM/sdk/pico/pico-sdk/lib/tinyusb/src/portable/raspberrypi/rp2040/dcd_rp2040.c.obj
LOAD CMakeFiles/Drone.dir/C_/VSARM/sdk/pico/pico-sdk/lib/tinyusb/src/portable/raspberrypi/rp2040/rp2040_usb.c.obj
LOAD CMakeFiles/Drone.dir/C_/VSARM/sdk/pico/pico-sdk/lib/tinyusb/src/device/usbd.c.obj
LOAD CMakeFiles/Drone.dir/C_/VSARM/sdk/pico/pico-sdk/lib/tinyusb/src/device/usbd_control.c.obj
LOAD CMakeFiles/Drone.dir/C_/VSARM/sdk/pico/pico-sdk/lib/tinyusb/src/class/audio/audio_device.c.obj
LOAD CMakeFiles/Drone.dir/C_/VSARM/sdk/pico/pico-sdk/lib/tinyusb/src/class/cdc/cdc_device.c.obj
LOAD CMakeFiles/Drone.dir/C_/VSARM/sdk/pico/pico-sdk/lib/tinyusb/src/class/dfu/dfu_device.c.obj
LOAD CMakeFiles/Drone.dir/C_/VSARM/sdk/pico/pico-sdk/lib/tinyusb/src/class/dfu/dfu_rt_device.c.obj
LOAD CMakeFiles/Drone.dir/C_/VSARM/sdk/pico/pico-sdk/lib/tinyusb/src/class/hid/hid_device.c.obj
LOAD CMakeFiles/Drone.dir/C_/VSARM/sdk/pico/pico-sdk/lib/tinyusb/src/class/midi/midi_device.c.obj
LOAD CMakeFiles/Drone.dir/C_/VSARM/sdk/pico/pico-sdk/lib/tinyusb/src/class/msc/msc_device.c.obj
LOAD CMakeFiles/Drone.dir/C_/VSARM/sdk/pico/pico-sdk/lib/tinyusb/src/class/net/ecm_rndis_device.c.obj
LOAD CMakeFiles/Drone.dir/C_/VSARM/sdk/pico/pico-sdk/lib/tinyusb/src/class/net/ncm_device.c.obj
LOAD CMakeFiles/Drone.dir/C_/VSARM/sdk/pico/pico-sdk/lib/tinyusb/src/class/usbtmc/usbtmc_device.c.obj
LOAD CMakeFiles/Drone.dir/C_/VSARM/sdk/pico/pico-sdk/lib/tinyusb/src/class/vendor/vendor_device.c.obj
LOAD CMakeFiles/Drone.dir/C_/VSARM/sdk/pico/pico-sdk/lib/tinyusb/src/class/video/video_device.c.obj
LOAD CMakeFiles/Drone.dir/C_/VSARM/sdk/pico/pico-sdk/lib/tinyusb/src/tusb.c.obj
LOAD CMakeFiles/Drone.dir/C_/VSARM/sdk/pico/pico-sdk/lib/tinyusb/src/common/tusb_fifo.c.obj
LOAD CMakeFiles/Drone.dir/C_/VSARM/sdk/pico/pico-sdk/src/rp2_common/pico_fix/rp2040_usb_device_enumeration/rp2040_usb_device_enumeration.c.obj
LOAD CMakeFiles/Drone.dir/C_/VSARM/sdk/pico/pico-sdk/src/rp2_common/pico_unique_id/unique_id.c.obj
LOAD CMakeFiles/Drone.dir/C_/VSARM/sdk/pico/pico-sdk/src/rp2_common/hardware_flash/flash.c.obj
LOAD CMakeFiles/Drone.dir/C_/VSARM/sdk/pico/pico-sdk/src/rp2_common/hardware_spi/spi.c.obj
LOAD CMakeFiles/Drone.dir/C_/VSARM/sdk/pico/pico-sdk/src/rp2_common/hardware_i2c/i2c.c.obj
LOAD CMakeFiles/Drone.dir/C_/VSARM/sdk/pico/pico-sdk/src/rp2_common/hardware_adc/adc.c.obj
LOAD lib\LCD\libLCD.a
LOAD lib\GUI\libGUI.a
LOAD lib\Fonts\libFonts.a
LOAD lib\Config\libConfig.a
LOAD lib\3D\lib3D.a
LOAD lib\Config\libConfig.a
LOAD C:\Users\mcser\AppData\Local\Temp\cce48LCM.o
LOAD c:/vsarm/armcc/112202~1.02/bin/../lib/gcc/arm-none-eabi/11.2.1/thumb/v6-m/nofp\libstdc++.a
LOAD c:/vsarm/armcc/112202~1.02/bin/../lib/gcc/arm-none-eabi/11.2.1/thumb/v6-m/nofp\libm.a
START GROUP
LOAD c:/vsarm/armcc/112202~1.02/bin/../lib/gcc/arm-none-eabi/11.2.1/thumb/v6-m/nofp\libgcc.a
LOAD c:/vsarm/armcc/112202~1.02/bin/../lib/gcc/arm-none-eabi/11.2.1/thumb/v6-m/nofp\libc.a
END GROUP
START GROUP
LOAD c:/vsarm/armcc/112202~1.02/bin/../lib/gcc/arm-none-eabi/11.2.1/thumb/v6-m/nofp\libgcc.a
LOAD c:/vsarm/armcc/112202~1.02/bin/../lib/gcc/arm-none-eabi/11.2.1/thumb/v6-m/nofp\libc.a
LOAD c:/vsarm/armcc/112202~1.02/bin/../lib/gcc/arm-none-eabi/11.2.1/thumb/v6-m/nofp\libnosys.a
END GROUP
LOAD c:/vsarm/armcc/112202~1.02/bin/../lib/gcc/arm-none-eabi/11.2.1/thumb/v6-m/nofp/crtend.o
LOAD c:/vsarm/armcc/112202~1.02/bin/../lib/gcc/arm-none-eabi/11.2.1/thumb/v6-m/nofp/crtn.o
OUTPUT(Drone.elf elf32-littlearm)
LOAD linker stubs

.ARM.attributes
                0x00000000       0x28
 .ARM.attributes
                0x00000000       0x1e c:/vsarm/armcc/112202~1.02/bin/../lib/gcc/arm-none-eabi/11.2.1/thumb/v6-m/nofp/crti.o
 .ARM.attributes
                0x0000001e       0x2c c:/vsarm/armcc/112202~1.02/bin/../lib/gcc/arm-none-eabi/11.2.1/thumb/v6-m/nofp/crtbegin.o
 .ARM.attributes
                0x0000004a       0x2c CMakeFiles/Drone.dir/frame_test.c.obj
 .ARM.attributes
                0x00000076       0x2c CMakeFiles/Drone.dir/waveshare_frame.c.obj
 .ARM.attributes